// Jest Snapshot v1, https://goo.gl/fbAQLP

exports[`base64String (integration) should be able to shrink 0123AB== 1`] = `
"\\"0123AB==\\"
├> \\"\\"
├> \\"3AB=\\"
|  ├> \\"AB==\\"
|  |  ├> \\"\\"
|  |  |  ├> \\"\\"
|  |  |  └> \\"\\"
|  |  |     └> \\"\\"
|  |  └> \\"\\"
|  |     └> \\"\\"
|  ├> \\"AAB=\\"
|  |  ├> \\"AB==\\"
|  |  |  ├> \\"\\"
|  |  |  |  ├> \\"\\"
|  |  |  |  └> \\"\\"
|  |  |  |     └> \\"\\"
|  |  |  └> \\"\\"
|  |  |     └> \\"\\"
|  |  ├> \\"\\"
|  |  |  └> \\"\\"
|  |  ├> \\"AB==\\"
|  |  |  ├> \\"\\"
|  |  |  |  ├> \\"\\"
|  |  |  |  └> \\"\\"
|  |  |  |     └> \\"\\"
|  |  |  └> \\"\\"
|  |  |     └> \\"\\"
|  |  └> \\"AA==\\"
|  |     ├> \\"\\"
|  |     |  └> \\"\\"
|  |     └> \\"\\"
|  |        └> \\"\\"
|  ├> \\"cAB=\\"
|  |  ├> \\"AB==\\"
|  |  |  ├> \\"\\"
|  |  |  |  ├> \\"\\"
|  |  |  |  └> \\"\\"
|  |  |  |     └> \\"\\"
|  |  |  └> \\"\\"
|  |  |     └> \\"\\"
|  |  ├> \\"OAB=\\"
|  |  |  ├> \\"AB==\\"
|  |  |  |  ├> \\"\\"
|  |  |  |  |  ├> \\"\\"
|  |  |  |  |  └> \\"\\"
|  |  |  |  |     └> \\"\\"
|  |  |  |  └> \\"\\"
|  |  |  |     └> \\"\\"
|  |  |  ├> \\"HAB=\\"
|  |  |  |  ├> \\"AB==\\"
|  |  |  |  |  ├> \\"\\"
|  |  |  |  |  |  ├> \\"\\"
|  |  |  |  |  |  └> \\"\\"
|  |  |  |  |  |     └> \\"\\"
|  |  |  |  |  └> \\"\\"
|  |  |  |  |     └> \\"\\"
|  |  |  |  ├> \\"EAB=\\"
|  |  |  |  |  ├> \\"AB==\\"
|  |  |  |  |  |  ├> \\"\\"
|  |  |  |  |  |  |  ├> \\"\\"
|  |  |  |  |  |  |  └> \\"\\"
|  |  |  |  |  |  |     └> \\"\\"
|  |  |  |  |  |  └> \\"\\"
|  |  |  |  |  |     └> \\"\\"
|  |  |  |  |  ├> \\"CAB=\\"
|  |  |  |  |  |  ├> \\"AB==\\"
|  |  |  |  |  |  |  ├> \\"\\"
|  |  |  |  |  |  |  |  ├> \\"\\"
|  |  |  |  |  |  |  |  └> \\"\\"
|  |  |  |  |  |  |  |     └> \\"\\"
|  |  |  |  |  |  |  └> \\"\\"
|  |  |  |  |  |  |     └> \\"\\"
|  |  |  |  |  |  ├> \\"BAB=\\"
|  |  |  |  |  |  |  ├> \\"AB==\\"
|  |  |  |  |  |  |  |  ├> \\"\\"
|  |  |  |  |  |  |  |  |  ├> \\"\\"
|  |  |  |  |  |  |  |  |  └> \\"\\"
|  |  |  |  |  |  |  |  |     └> \\"\\"
|  |  |  |  |  |  |  |  └> \\"\\"
|  |  |  |  |  |  |  |     └> \\"\\"
|  |  |  |  |  |  |  ├> \\"AAB=\\"
|  |  |  |  |  |  |  |  ├> \\"AB==\\"
|  |  |  |  |  |  |  |  |  ├> \\"\\"
|  |  |  |  |  |  |  |  |  |  ├> \\"\\"
|  |  |  |  |  |  |  |  |  |  └> \\"\\"
|  |  |  |  |  |  |  |  |  |     └> \\"\\"
|  |  |  |  |  |  |  |  |  └> \\"\\"
|  |  |  |  |  |  |  |  |     └> \\"\\"
|  |  |  |  |  |  |  |  ├> \\"\\"
|  |  |  |  |  |  |  |  |  └> \\"\\"
|  |  |  |  |  |  |  |  ├> \\"AB==\\"
|  |  |  |  |  |  |  |  |  ├> \\"\\"
|  |  |  |  |  |  |  |  |  |  ├> \\"\\"
|  |  |  |  |  |  |  |  |  |  └> \\"\\"
|  |  |  |  |  |  |  |  |  |     └> \\"\\"
|  |  |  |  |  |  |  |  |  └> \\"\\"
|  |  |  |  |  |  |  |  |     └> \\"\\"
|  |  |  |  |  |  |  |  └> \\"AA==\\"
|  |  |  |  |  |  |  |     ├> \\"\\"
|  |  |  |  |  |  |  |     |  └> \\"\\"
|  |  |  |  |  |  |  |     └> …
|  |  |  |  |  |  |  └> …
|  |  |  |  |  |  └> …
|  |  |  |  |  └> …
|  |  |  |  └> …
|  |  |  └> …
|  |  └> …
|  └> …
└> …"
`;

exports[`base64String (integration) should be able to shrink ABCD 1`] = `
"\\"ABCD\\"
├> \\"\\"
├> \\"CD==\\"
|  ├> \\"\\"
|  |  ├> \\"\\"
|  |  ├> \\"\\"
|  |  |  └> \\"\\"
|  |  └> \\"\\"
|  |     ├> \\"\\"
|  |     └> \\"\\"
|  |        ├> \\"\\"
|  |        └> \\"\\"
|  |           └> \\"\\"
|  ├> \\"AD==\\"
|  |  ├> \\"\\"
|  |  |  ├> \\"\\"
|  |  |  ├> \\"\\"
|  |  |  |  └> \\"\\"
|  |  |  └> \\"\\"
|  |  |     ├> \\"\\"
|  |  |     └> \\"\\"
|  |  |        ├> \\"\\"
|  |  |        └> \\"\\"
|  |  |           └> \\"\\"
|  |  └> \\"\\"
|  |     └> \\"\\"
|  ├> \\"BD==\\"
|  |  ├> \\"\\"
|  |  |  ├> \\"\\"
|  |  |  ├> \\"\\"
|  |  |  |  └> \\"\\"
|  |  |  └> \\"\\"
|  |  |     ├> \\"\\"
|  |  |     └> \\"\\"
|  |  |        ├> \\"\\"
|  |  |        └> \\"\\"
|  |  |           └> \\"\\"
|  |  ├> \\"AD==\\"
|  |  |  ├> \\"\\"
|  |  |  |  ├> \\"\\"
|  |  |  |  ├> \\"\\"
|  |  |  |  |  └> \\"\\"
|  |  |  |  └> \\"\\"
|  |  |  |     ├> \\"\\"
|  |  |  |     └> \\"\\"
|  |  |  |        ├> \\"\\"
|  |  |  |        └> \\"\\"
|  |  |  |           └> \\"\\"
|  |  |  └> \\"\\"
|  |  |     └> \\"\\"
|  |  └> \\"\\"
|  |     ├> \\"\\"
|  |     └> \\"\\"
|  |        └> \\"\\"
|  └> \\"\\"
|     ├> \\"\\"
|     ├> \\"\\"
|     |  └> \\"\\"
|     └> \\"\\"
|        ├> \\"\\"
|        └> \\"\\"
|           └> \\"\\"
├> \\"BCD=\\"
|  ├> \\"CD==\\"
|  |  ├> \\"\\"
|  |  |  ├> \\"\\"
|  |  |  ├> \\"\\"
|  |  |  |  └> \\"\\"
|  |  |  └> \\"\\"
|  |  |     ├> \\"\\"
|  |  |     └> \\"\\"
|  |  |        ├> \\"\\"
|  |  |        └> \\"\\"
|  |  |           └> \\"\\"
|  |  ├> \\"AD==\\"
|  |  |  ├> \\"\\"
|  |  |  |  ├> \\"\\"
|  |  |  |  ├> \\"\\"
|  |  |  |  |  └> \\"\\"
|  |  |  |  └> \\"\\"
|  |  |  |     ├> \\"\\"
|  |  |  |     └> \\"\\"
|  |  |  |        ├> \\"\\"
|  |  |  |        └> \\"\\"
|  |  |  |           └> \\"\\"
|  |  |  └> \\"\\"
|  |  |     └> \\"\\"
|  |  ├> \\"BD==\\"
|  |  |  ├> \\"\\"
|  |  |  |  ├> \\"\\"
|  |  |  |  ├> \\"\\"
|  |  |  |  |  └> \\"\\"
|  |  |  |  └> \\"\\"
|  |  |  |     ├> \\"\\"
|  |  |  |     └> \\"\\"
|  |  |  |        ├> \\"\\"
|  |  |  |        └> \\"\\"
|  |  |  |           └> \\"\\"
|  |  |  ├> \\"AD==\\"
|  |  |  |  ├> \\"\\"
|  |  |  |  |  └> …
|  |  |  |  └> …
|  |  |  └> …
|  |  └> …
|  └> …
└> …"
`;
