// Jest Snapshot v1, https://goo.gl/fbAQLP

exports[`domain (integration) should be able to shrink domain.com 1`] = `
"\\"domain.com\\"
├> \\"aomain.com\\"
|  ├> \\"a.com\\"
|  |  ├> \\"a.om\\"
|  |  |  ├> \\"a.am\\"
|  |  |  ├> \\"a.hm\\"
|  |  |  |  ├> \\"a.em\\"
|  |  |  |  |  ├> \\"a.cm\\"
|  |  |  |  |  |  └> \\"a.bm\\"
|  |  |  |  |  |     └> \\"a.am\\"
|  |  |  |  |  └> \\"a.dm\\"
|  |  |  |  |     └> \\"a.cm\\"
|  |  |  |  |        ├> \\"a.am\\"
|  |  |  |  |        └> \\"a.bm\\"
|  |  |  |  |           └> \\"a.am\\"
|  |  |  |  └> \\"a.gm\\"
|  |  |  |     └> \\"a.fm\\"
|  |  |  |        └> \\"a.em\\"
|  |  |  |           ├> \\"a.am\\"
|  |  |  |           ├> \\"a.cm\\"
|  |  |  |           |  └> \\"a.bm\\"
|  |  |  |           |     └> \\"a.am\\"
|  |  |  |           └> \\"a.dm\\"
|  |  |  |              └> \\"a.cm\\"
|  |  |  |                 ├> \\"a.am\\"
|  |  |  |                 └> \\"a.bm\\"
|  |  |  |                    └> \\"a.am\\"
|  |  |  ├> \\"a.lm\\"
|  |  |  |  ├> \\"a.jm\\"
|  |  |  |  |  └> \\"a.im\\"
|  |  |  |  |     └> \\"a.hm\\"
|  |  |  |  |        ├> \\"a.am\\"
|  |  |  |  |        ├> \\"a.em\\"
|  |  |  |  |        |  ├> \\"a.cm\\"
|  |  |  |  |        |  |  └> \\"a.bm\\"
|  |  |  |  |        |  |     └> \\"a.am\\"
|  |  |  |  |        |  └> \\"a.dm\\"
|  |  |  |  |        |     └> \\"a.cm\\"
|  |  |  |  |        |        ├> \\"a.am\\"
|  |  |  |  |        |        └> \\"a.bm\\"
|  |  |  |  |        |           └> \\"a.am\\"
|  |  |  |  |        └> \\"a.gm\\"
|  |  |  |  |           └> \\"a.fm\\"
|  |  |  |  |              └> \\"a.em\\"
|  |  |  |  |                 ├> \\"a.am\\"
|  |  |  |  |                 ├> \\"a.cm\\"
|  |  |  |  |                 |  └> \\"a.bm\\"
|  |  |  |  |                 |     └> \\"a.am\\"
|  |  |  |  |                 └> \\"a.dm\\"
|  |  |  |  |                    └> \\"a.cm\\"
|  |  |  |  |                       ├> \\"a.am\\"
|  |  |  |  |                       └> \\"a.bm\\"
|  |  |  |  |                          └> \\"a.am\\"
|  |  |  |  └> \\"a.km\\"
|  |  |  |     └> \\"a.jm\\"
|  |  |  |        ├> \\"a.am\\"
|  |  |  |        ├> \\"a.fm\\"
|  |  |  |        |  ├> \\"a.dm\\"
|  |  |  |        |  |  └> \\"a.cm\\"
|  |  |  |        |  |     └> \\"a.bm\\"
|  |  |  |        |  |        └> \\"a.am\\"
|  |  |  |        |  └> \\"a.em\\"
|  |  |  |        |     └> \\"a.dm\\"
|  |  |  |        |        ├> \\"a.am\\"
|  |  |  |        |        └> \\"a.cm\\"
|  |  |  |        |           └> \\"a.bm\\"
|  |  |  |        |              └> \\"a.am\\"
|  |  |  |        ├> \\"a.hm\\"
|  |  |  |        |  └> \\"a.gm\\"
|  |  |  |        |     └> \\"a.fm\\"
|  |  |  |        |        ├> \\"a.am\\"
|  |  |  |        |        ├> \\"a.dm\\"
|  |  |  |        |        |  └> \\"a.cm\\"
|  |  |  |        |        |     └> \\"a.bm\\"
|  |  |  |        |        |        └> \\"a.am\\"
|  |  |  |        |        └> \\"a.em\\"
|  |  |  |        |           └> \\"a.dm\\"
|  |  |  |        |              ├> \\"a.am\\"
|  |  |  |        |              └> \\"a.cm\\"
|  |  |  |        |                 └> \\"a.bm\\"
|  |  |  |        |                    └> \\"a.am\\"
|  |  |  |        └> \\"a.im\\"
|  |  |  |           └> \\"a.hm\\"
|  |  |  |              ├> \\"a.am\\"
|  |  |  |              ├> \\"a.em\\"
|  |  |  |              |  ├> \\"a.cm\\"
|  |  |  |              |  |  └> \\"a.bm\\"
|  |  |  |              |  |     └> \\"a.am\\"
|  |  |  |              |  └> \\"a.dm\\"
|  |  |  |              |     └> \\"a.cm\\"
|  |  |  |              |        ├> \\"a.am\\"
|  |  |  |              |        └> \\"a.bm\\"
|  |  |  |              |           └> \\"a.am\\"
|  |  |  |              └> \\"a.gm\\"
|  |  |  |                 └> \\"a.fm\\"
|  |  |  |                    └> \\"a.em\\"
|  |  |  |                       ├> \\"a.am\\"
|  |  |  |                       ├> \\"a.cm\\"
|  |  |  |                       |  └> \\"a.bm\\"
|  |  |  |                       |     └> \\"a.am\\"
|  |  |  |                       └> …
|  |  |  └> …
|  |  └> …
|  └> …
└> …"
`;
