// Jest Snapshot v1, https://goo.gl/fbAQLP

exports[`emailAddress (integration) should be able to shrink me@domain.com 1`] = `
"\\"me@domain.com\\"
├> \\"e@domain.com\\"
|  ├> \\"a@domain.com\\"
|  |  ├> \\"a@aomain.com\\"
|  |  |  ├> \\"a@a.com\\"
|  |  |  |  ├> \\"a@a.om\\"
|  |  |  |  |  ├> \\"a@a.am\\"
|  |  |  |  |  ├> \\"a@a.hm\\"
|  |  |  |  |  |  ├> \\"a@a.em\\"
|  |  |  |  |  |  |  ├> \\"a@a.cm\\"
|  |  |  |  |  |  |  |  └> \\"a@a.bm\\"
|  |  |  |  |  |  |  |     └> \\"a@a.am\\"
|  |  |  |  |  |  |  └> \\"a@a.dm\\"
|  |  |  |  |  |  |     └> \\"a@a.cm\\"
|  |  |  |  |  |  |        ├> \\"a@a.am\\"
|  |  |  |  |  |  |        └> \\"a@a.bm\\"
|  |  |  |  |  |  |           └> \\"a@a.am\\"
|  |  |  |  |  |  └> \\"a@a.gm\\"
|  |  |  |  |  |     └> \\"a@a.fm\\"
|  |  |  |  |  |        └> \\"a@a.em\\"
|  |  |  |  |  |           ├> \\"a@a.am\\"
|  |  |  |  |  |           ├> \\"a@a.cm\\"
|  |  |  |  |  |           |  └> \\"a@a.bm\\"
|  |  |  |  |  |           |     └> \\"a@a.am\\"
|  |  |  |  |  |           └> \\"a@a.dm\\"
|  |  |  |  |  |              └> \\"a@a.cm\\"
|  |  |  |  |  |                 ├> \\"a@a.am\\"
|  |  |  |  |  |                 └> \\"a@a.bm\\"
|  |  |  |  |  |                    └> \\"a@a.am\\"
|  |  |  |  |  ├> \\"a@a.lm\\"
|  |  |  |  |  |  ├> \\"a@a.jm\\"
|  |  |  |  |  |  |  └> \\"a@a.im\\"
|  |  |  |  |  |  |     └> \\"a@a.hm\\"
|  |  |  |  |  |  |        ├> \\"a@a.am\\"
|  |  |  |  |  |  |        ├> \\"a@a.em\\"
|  |  |  |  |  |  |        |  ├> \\"a@a.cm\\"
|  |  |  |  |  |  |        |  |  └> \\"a@a.bm\\"
|  |  |  |  |  |  |        |  |     └> \\"a@a.am\\"
|  |  |  |  |  |  |        |  └> \\"a@a.dm\\"
|  |  |  |  |  |  |        |     └> \\"a@a.cm\\"
|  |  |  |  |  |  |        |        ├> \\"a@a.am\\"
|  |  |  |  |  |  |        |        └> \\"a@a.bm\\"
|  |  |  |  |  |  |        |           └> \\"a@a.am\\"
|  |  |  |  |  |  |        └> \\"a@a.gm\\"
|  |  |  |  |  |  |           └> \\"a@a.fm\\"
|  |  |  |  |  |  |              └> \\"a@a.em\\"
|  |  |  |  |  |  |                 ├> \\"a@a.am\\"
|  |  |  |  |  |  |                 ├> \\"a@a.cm\\"
|  |  |  |  |  |  |                 |  └> \\"a@a.bm\\"
|  |  |  |  |  |  |                 |     └> \\"a@a.am\\"
|  |  |  |  |  |  |                 └> \\"a@a.dm\\"
|  |  |  |  |  |  |                    └> \\"a@a.cm\\"
|  |  |  |  |  |  |                       ├> \\"a@a.am\\"
|  |  |  |  |  |  |                       └> \\"a@a.bm\\"
|  |  |  |  |  |  |                          └> \\"a@a.am\\"
|  |  |  |  |  |  └> \\"a@a.km\\"
|  |  |  |  |  |     └> \\"a@a.jm\\"
|  |  |  |  |  |        ├> \\"a@a.am\\"
|  |  |  |  |  |        ├> \\"a@a.fm\\"
|  |  |  |  |  |        |  ├> \\"a@a.dm\\"
|  |  |  |  |  |        |  |  └> \\"a@a.cm\\"
|  |  |  |  |  |        |  |     └> \\"a@a.bm\\"
|  |  |  |  |  |        |  |        └> \\"a@a.am\\"
|  |  |  |  |  |        |  └> \\"a@a.em\\"
|  |  |  |  |  |        |     └> \\"a@a.dm\\"
|  |  |  |  |  |        |        ├> \\"a@a.am\\"
|  |  |  |  |  |        |        └> \\"a@a.cm\\"
|  |  |  |  |  |        |           └> \\"a@a.bm\\"
|  |  |  |  |  |        |              └> \\"a@a.am\\"
|  |  |  |  |  |        ├> \\"a@a.hm\\"
|  |  |  |  |  |        |  └> \\"a@a.gm\\"
|  |  |  |  |  |        |     └> \\"a@a.fm\\"
|  |  |  |  |  |        |        ├> \\"a@a.am\\"
|  |  |  |  |  |        |        ├> \\"a@a.dm\\"
|  |  |  |  |  |        |        |  └> \\"a@a.cm\\"
|  |  |  |  |  |        |        |     └> \\"a@a.bm\\"
|  |  |  |  |  |        |        |        └> \\"a@a.am\\"
|  |  |  |  |  |        |        └> \\"a@a.em\\"
|  |  |  |  |  |        |           └> \\"a@a.dm\\"
|  |  |  |  |  |        |              ├> \\"a@a.am\\"
|  |  |  |  |  |        |              └> \\"a@a.cm\\"
|  |  |  |  |  |        |                 └> \\"a@a.bm\\"
|  |  |  |  |  |        |                    └> \\"a@a.am\\"
|  |  |  |  |  |        └> \\"a@a.im\\"
|  |  |  |  |  |           └> \\"a@a.hm\\"
|  |  |  |  |  |              ├> \\"a@a.am\\"
|  |  |  |  |  |              ├> \\"a@a.em\\"
|  |  |  |  |  |              |  ├> \\"a@a.cm\\"
|  |  |  |  |  |              |  |  └> \\"a@a.bm\\"
|  |  |  |  |  |              |  |     └> \\"a@a.am\\"
|  |  |  |  |  |              |  └> \\"a@a.dm\\"
|  |  |  |  |  |              |     └> \\"a@a.cm\\"
|  |  |  |  |  |              |        ├> \\"a@a.am\\"
|  |  |  |  |  |              |        └> \\"a@a.bm\\"
|  |  |  |  |  |              |           └> \\"a@a.am\\"
|  |  |  |  |  |              └> \\"a@a.gm\\"
|  |  |  |  |  |                 └> \\"a@a.fm\\"
|  |  |  |  |  |                    └> \\"a@a.em\\"
|  |  |  |  |  |                       ├> \\"a@a.am\\"
|  |  |  |  |  |                       ├> \\"a@a.cm\\"
|  |  |  |  |  |                       |  └> …
|  |  |  |  |  |                       └> …
|  |  |  |  |  └> …
|  |  |  |  └> …
|  |  |  └> …
|  |  └> …
|  └> …
└> …"
`;
