// Jest Snapshot v1, https://goo.gl/fbAQLP

exports[`sparseArray (integration) should be able to shrink [1, undefined, undefined, undefined, undefined] with fc.sparseArray(..., {"noTrailingHole": false}) 1`] = `
"[1,,,,,]
├> [,,,,,]
|  ├> []
|  ├> [,,,]
|  |  └> [,,]
|  |     └> [,]
|  |        └> []
|  └> [,,,,]
|     └> [,,,]
|        ├> []
|        └> [,,]
|           └> [,]
|              └> []
├> [0,,,,,]
|  ├> [,,,,,]
|  |  ├> []
|  |  ├> [,,,]
|  |  |  └> [,,]
|  |  |     └> [,]
|  |  |        └> []
|  |  └> [,,,,]
|  |     └> [,,,]
|  |        ├> []
|  |        └> [,,]
|  |           └> [,]
|  |              └> []
|  ├> [0]
|  |  └> []
|  ├> [0,,,]
|  |  ├> [,,,]
|  |  |  └> [,,]
|  |  |     └> [,]
|  |  |        └> []
|  |  └> [0,,]
|  |     ├> [,,]
|  |     |  └> [,]
|  |     |     └> []
|  |     └> [0]
|  |        ├> [,]
|  |        |  └> []
|  |        └> [0]
|  |           └> []
|  └> [0,,,,]
|     ├> [,,,,]
|     |  └> [,,,]
|     |     ├> []
|     |     └> [,,]
|     |        └> [,]
|     |           └> []
|     └> [0,,,]
|        ├> [,,,]
|        |  ├> []
|        |  └> [,,]
|        |     └> [,]
|        |        └> []
|        ├> [0]
|        |  └> []
|        └> [0,,]
|           ├> [,,]
|           |  └> [,]
|           |     └> []
|           └> [0]
|              ├> [,]
|              |  └> []
|              └> [0]
|                 └> []
├> [1,,,,,]
|  ├> []
|  └> [0]
|     └> []
├> [1,,,,,]
|  ├> [,,,]
|  |  └> [,,]
|  |     └> [,]
|  |        └> []
|  ├> [0,,,]
|  |  ├> [,,,]
|  |  |  └> [,,]
|  |  |     └> [,]
|  |  |        └> []
|  |  └> [0,,]
|  |     ├> [,,]
|  |     |  └> [,]
|  |     |     └> []
|  |     └> [0]
|  |        ├> [,]
|  |        |  └> []
|  |        └> [0]
|  |           └> []
|  └> [1,,,,,]
|     ├> [,,]
|     |  └> [,]
|     |     └> []
|     ├> [0,,]
|     |  ├> [,,]
|     |  |  └> [,]
|     |  |     └> []
|     |  └> [0]
|     |     ├> [,]
|     |     |  └> []
|     |     └> …
|     └> …
└> …"
`;

exports[`sparseArray (integration) should be able to shrink [undefined, undefined, undefined, 4] with fc.sparseArray(..., {"maxLength": 4}) 1`] = `
"[,,,4]
├> [,,,,]
|  ├> []
|  ├> [,,]
|  |  └> [,]
|  |     └> []
|  └> [,,,]
|     └> [,,]
|        ├> []
|        └> [,]
|           └> []
├> [4,,,,]
|  ├> [,,,,]
|  |  ├> []
|  |  ├> [,,]
|  |  |  └> [,]
|  |  |     └> []
|  |  └> [,,,]
|  |     └> [,,]
|  |        ├> []
|  |        └> [,]
|  |           └> []
|  ├> [2,,,,]
|  |  ├> [,,,,]
|  |  |  ├> []
|  |  |  ├> [,,]
|  |  |  |  └> [,]
|  |  |  |     └> []
|  |  |  └> [,,,]
|  |  |     └> [,,]
|  |  |        ├> []
|  |  |        └> [,]
|  |  |           └> []
|  |  ├> [0,,,,]
|  |  |  ├> [,,,,]
|  |  |  |  ├> []
|  |  |  |  ├> [,,]
|  |  |  |  |  └> [,]
|  |  |  |  |     └> []
|  |  |  |  └> [,,,]
|  |  |  |     └> [,,]
|  |  |  |        ├> []
|  |  |  |        └> [,]
|  |  |  |           └> []
|  |  |  ├> [0]
|  |  |  |  └> []
|  |  |  ├> [0,,]
|  |  |  |  ├> [,,]
|  |  |  |  |  └> [,]
|  |  |  |  |     └> []
|  |  |  |  └> [0]
|  |  |  |     ├> [,]
|  |  |  |     |  └> []
|  |  |  |     └> [0]
|  |  |  |        └> []
|  |  |  └> [0,,,]
|  |  |     ├> [,,,]
|  |  |     |  └> [,,]
|  |  |     |     ├> []
|  |  |     |     └> [,]
|  |  |     |        └> []
|  |  |     └> [0,,]
|  |  |        ├> [,,]
|  |  |        |  ├> []
|  |  |        |  └> [,]
|  |  |        |     └> []
|  |  |        ├> [0]
|  |  |        |  └> []
|  |  |        └> [0]
|  |  |           ├> [,]
|  |  |           |  └> []
|  |  |           └> [0]
|  |  |              └> []
|  |  ├> [2]
|  |  |  ├> []
|  |  |  └> [0]
|  |  |     └> []
|  |  ├> [2,,]
|  |  |  ├> [,,]
|  |  |  |  └> [,]
|  |  |  |     └> []
|  |  |  ├> [0,,]
|  |  |  |  ├> [,,]
|  |  |  |  |  └> [,]
|  |  |  |  |     └> []
|  |  |  |  └> [0]
|  |  |  |     ├> [,]
|  |  |  |     |  └> []
|  |  |  |     └> [0]
|  |  |  |        └> []
|  |  |  └> [2]
|  |  |     ├> [,]
|  |  |     |  └> []
|  |  |     ├> [0]
|  |  |     |  ├> [,]
|  |  |     |  |  └> []
|  |  |     |  └> [0]
|  |  |     |     └> []
|  |  |     └> [2]
|  |  |        ├> []
|  |  |        └> …
|  |  └> …
|  └> …
└> …"
`;

exports[`sparseArray (integration) should be able to shrink [undefined, undefined, undefined, undefined, undefined, 3, 4, undefined, undefined, 5, undefined, undefined, undefined, undefined, undefined, 6] with fc.sparseArray(..., {"maxNumElements": 4}) 1`] = `
"[,,,,,3,4,,,5,,,,,,6]
├> [,,,,,,,,,,,,,,,,]
|  ├> []
|  ├> [,,,,,,,,]
|  |  ├> [,,,,]
|  |  |  ├> [,,]
|  |  |  |  └> [,]
|  |  |  |     └> []
|  |  |  └> [,,,]
|  |  |     └> [,,]
|  |  |        ├> []
|  |  |        └> [,]
|  |  |           └> []
|  |  ├> [,,,,,,]
|  |  |  └> [,,,,,]
|  |  |     └> [,,,,]
|  |  |        ├> []
|  |  |        ├> [,,]
|  |  |        |  └> [,]
|  |  |        |     └> []
|  |  |        └> [,,,]
|  |  |           └> [,,]
|  |  |              ├> []
|  |  |              └> [,]
|  |  |                 └> []
|  |  └> [,,,,,,,]
|  |     └> [,,,,,,]
|  |        ├> []
|  |        ├> [,,,]
|  |        |  └> [,,]
|  |        |     └> [,]
|  |        |        └> []
|  |        └> [,,,,,]
|  |           └> [,,,,]
|  |              └> [,,,]
|  |                 ├> []
|  |                 └> [,,]
|  |                    └> [,]
|  |                       └> []
|  ├> [,,,,,,,,,,,,]
|  |  ├> [,,,,,,,,,,]
|  |  |  └> [,,,,,,,,,]
|  |  |     └> [,,,,,,,,]
|  |  |        ├> []
|  |  |        ├> [,,,,]
|  |  |        |  ├> [,,]
|  |  |        |  |  └> [,]
|  |  |        |  |     └> []
|  |  |        |  └> [,,,]
|  |  |        |     └> [,,]
|  |  |        |        ├> []
|  |  |        |        └> [,]
|  |  |        |           └> []
|  |  |        ├> [,,,,,,]
|  |  |        |  └> [,,,,,]
|  |  |        |     └> [,,,,]
|  |  |        |        ├> []
|  |  |        |        ├> [,,]
|  |  |        |        |  └> [,]
|  |  |        |        |     └> []
|  |  |        |        └> [,,,]
|  |  |        |           └> [,,]
|  |  |        |              ├> []
|  |  |        |              └> [,]
|  |  |        |                 └> []
|  |  |        └> [,,,,,,,]
|  |  |           └> [,,,,,,]
|  |  |              ├> []
|  |  |              ├> [,,,]
|  |  |              |  └> [,,]
|  |  |              |     └> [,]
|  |  |              |        └> []
|  |  |              └> [,,,,,]
|  |  |                 └> [,,,,]
|  |  |                    └> [,,,]
|  |  |                       ├> []
|  |  |                       └> [,,]
|  |  |                          └> [,]
|  |  |                             └> []
|  |  └> [,,,,,,,,,,,]
|  |     └> [,,,,,,,,,,]
|  |        ├> []
|  |        ├> [,,,,,]
|  |        |  ├> [,,,]
|  |        |  |  └> [,,]
|  |        |  |     └> [,]
|  |        |  |        └> []
|  |        |  └> [,,,,]
|  |        |     └> [,,,]
|  |        |        ├> []
|  |        |        └> [,,]
|  |        |           └> [,]
|  |        |              └> []
|  |        ├> [,,,,,,,,]
|  |        |  └> [,,,,,,,]
|  |        |     └> [,,,,,,]
|  |        |        └> [,,,,,]
|  |        |           ├> []
|  |        |           ├> [,,,]
|  |        |           |  └> [,,]
|  |        |           |     └> …
|  |        |           └> …
|  |        └> …
|  └> …
└> …"
`;

exports[`sparseArray (integration) should be able to shrink [undefined, undefined, undefined, undefined, undefined, 3, undefined, undefined, undefined, undefined, undefined, undefined, undefined, undefined, undefined, 6] with fc.sparseArray(..., {"minNumElements": 2}) 1`] = `
"[,,,,,3,,,,,,,,,,6]
├> [3,,,,,,,,,,,,,,,6]
|  ├> [1,,,,,,,,,,,,,,,6]
|  |  ├> [1,,,,,,,,6,,,,,,,,]
|  |  |  ├> [1,,,,6,,,,,,,,,,,,]
|  |  |  |  ├> [1,,6,,,,,,,,,,,,,,]
|  |  |  |  |  ├> [1,6,,,,,,,,,,,,,,,]
|  |  |  |  |  |  ├> [1,4,,,,,,,,,,,,,,,]
|  |  |  |  |  |  |  ├> [1,1,,,,,,,,,,,,,,,]
|  |  |  |  |  |  |  |  ├> [1,1]
|  |  |  |  |  |  |  |  ├> [1,1,,,,,,,,]
|  |  |  |  |  |  |  |  |  ├> [1,1,,,,,]
|  |  |  |  |  |  |  |  |  |  ├> [1,1,,,]
|  |  |  |  |  |  |  |  |  |  |  └> [1,1,,]
|  |  |  |  |  |  |  |  |  |  |     └> [1,1]
|  |  |  |  |  |  |  |  |  |  └> [1,1,,,,]
|  |  |  |  |  |  |  |  |  |     └> [1,1,,,]
|  |  |  |  |  |  |  |  |  |        ├> [1,1]
|  |  |  |  |  |  |  |  |  |        └> [1,1,,]
|  |  |  |  |  |  |  |  |  |           └> [1,1]
|  |  |  |  |  |  |  |  |  └> [1,1,,,,,,,]
|  |  |  |  |  |  |  |  |     └> [1,1,,,,,,]
|  |  |  |  |  |  |  |  |        └> [1,1,,,,,]
|  |  |  |  |  |  |  |  |           ├> [1,1]
|  |  |  |  |  |  |  |  |           ├> [1,1,,,]
|  |  |  |  |  |  |  |  |           |  └> [1,1,,]
|  |  |  |  |  |  |  |  |           |     └> [1,1]
|  |  |  |  |  |  |  |  |           └> [1,1,,,,]
|  |  |  |  |  |  |  |  |              └> [1,1,,,]
|  |  |  |  |  |  |  |  |                 ├> [1,1]
|  |  |  |  |  |  |  |  |                 └> [1,1,,]
|  |  |  |  |  |  |  |  |                    └> [1,1]
|  |  |  |  |  |  |  |  ├> [1,1,,,,,,,,,,,,]
|  |  |  |  |  |  |  |  |  ├> [1,1,,,,,,,,,,]
|  |  |  |  |  |  |  |  |  |  └> [1,1,,,,,,,,,]
|  |  |  |  |  |  |  |  |  |     └> [1,1,,,,,,,,]
|  |  |  |  |  |  |  |  |  |        ├> [1,1]
|  |  |  |  |  |  |  |  |  |        ├> [1,1,,,,,]
|  |  |  |  |  |  |  |  |  |        |  ├> [1,1,,,]
|  |  |  |  |  |  |  |  |  |        |  |  └> [1,1,,]
|  |  |  |  |  |  |  |  |  |        |  |     └> [1,1]
|  |  |  |  |  |  |  |  |  |        |  └> [1,1,,,,]
|  |  |  |  |  |  |  |  |  |        |     └> [1,1,,,]
|  |  |  |  |  |  |  |  |  |        |        ├> [1,1]
|  |  |  |  |  |  |  |  |  |        |        └> [1,1,,]
|  |  |  |  |  |  |  |  |  |        |           └> [1,1]
|  |  |  |  |  |  |  |  |  |        └> [1,1,,,,,,,]
|  |  |  |  |  |  |  |  |  |           └> [1,1,,,,,,]
|  |  |  |  |  |  |  |  |  |              └> [1,1,,,,,]
|  |  |  |  |  |  |  |  |  |                 ├> [1,1]
|  |  |  |  |  |  |  |  |  |                 ├> [1,1,,,]
|  |  |  |  |  |  |  |  |  |                 |  └> [1,1,,]
|  |  |  |  |  |  |  |  |  |                 |     └> [1,1]
|  |  |  |  |  |  |  |  |  |                 └> [1,1,,,,]
|  |  |  |  |  |  |  |  |  |                    └> [1,1,,,]
|  |  |  |  |  |  |  |  |  |                       ├> [1,1]
|  |  |  |  |  |  |  |  |  |                       └> [1,1,,]
|  |  |  |  |  |  |  |  |  |                          └> [1,1]
|  |  |  |  |  |  |  |  |  └> [1,1,,,,,,,,,,,]
|  |  |  |  |  |  |  |  |     └> [1,1,,,,,,,,,,]
|  |  |  |  |  |  |  |  |        ├> [1,1]
|  |  |  |  |  |  |  |  |        ├> [1,1,,,,,,]
|  |  |  |  |  |  |  |  |        |  ├> [1,1,,,,]
|  |  |  |  |  |  |  |  |        |  |  └> [1,1,,,]
|  |  |  |  |  |  |  |  |        |  |     └> [1,1,,]
|  |  |  |  |  |  |  |  |        |  |        └> [1,1]
|  |  |  |  |  |  |  |  |        |  └> [1,1,,,,,]
|  |  |  |  |  |  |  |  |        |     └> [1,1,,,,]
|  |  |  |  |  |  |  |  |        |        ├> [1,1]
|  |  |  |  |  |  |  |  |        |        └> [1,1,,,]
|  |  |  |  |  |  |  |  |        |           └> [1,1,,]
|  |  |  |  |  |  |  |  |        |              └> [1,1]
|  |  |  |  |  |  |  |  |        ├> [1,1,,,,,,,,]
|  |  |  |  |  |  |  |  |        |  └> [1,1,,,,,,,]
|  |  |  |  |  |  |  |  |        |     └> [1,1,,,,,,]
|  |  |  |  |  |  |  |  |        |        ├> [1,1]
|  |  |  |  |  |  |  |  |        |        ├> [1,1,,,,]
|  |  |  |  |  |  |  |  |        |        |  └> [1,1,,,]
|  |  |  |  |  |  |  |  |        |        |     └> [1,1,,]
|  |  |  |  |  |  |  |  |        |        |        └> [1,1]
|  |  |  |  |  |  |  |  |        |        └> [1,1,,,,,]
|  |  |  |  |  |  |  |  |        |           └> [1,1,,,,]
|  |  |  |  |  |  |  |  |        |              ├> [1,1]
|  |  |  |  |  |  |  |  |        |              └> [1,1,,,]
|  |  |  |  |  |  |  |  |        |                 └> [1,1,,]
|  |  |  |  |  |  |  |  |        |                    └> [1,1]
|  |  |  |  |  |  |  |  |        └> [1,1,,,,,,,,,]
|  |  |  |  |  |  |  |  |           └> [1,1,,,,,,,,]
|  |  |  |  |  |  |  |  |              ├> [1,1]
|  |  |  |  |  |  |  |  |              ├> [1,1,,,,,]
|  |  |  |  |  |  |  |  |              |  ├> [1,1,,,]
|  |  |  |  |  |  |  |  |              |  |  └> [1,1,,]
|  |  |  |  |  |  |  |  |              |  |     └> [1,1]
|  |  |  |  |  |  |  |  |              |  └> [1,1,,,,]
|  |  |  |  |  |  |  |  |              |     └> [1,1,,,]
|  |  |  |  |  |  |  |  |              |        ├> [1,1]
|  |  |  |  |  |  |  |  |              |        └> [1,1,,]
|  |  |  |  |  |  |  |  |              |           └> [1,1]
|  |  |  |  |  |  |  |  |              └> [1,1,,,,,,,]
|  |  |  |  |  |  |  |  |                 └> [1,1,,,,,,]
|  |  |  |  |  |  |  |  |                    └> …
|  |  |  |  |  |  |  |  └> …
|  |  |  |  |  |  |  └> …
|  |  |  |  |  |  └> …
|  |  |  |  |  └> …
|  |  |  |  └> …
|  |  |  └> …
|  |  └> …
|  └> …
└> …"
`;
