// Jest Snapshot v1, https://goo.gl/fbAQLP

exports[`stringOf (integration) should be able to shrink _._.____... 1`] = `
"\\"_._.____...\\"
├> \\"\\"
├> \\"___...\\"
|  ├> \\"_...\\"
|  |  ├> \\"...\\"
|  |  |  ├> \\"..\\"
|  |  |  |  ├> \\"\\"
|  |  |  |  └> \\"._\\"
|  |  |  |     └> \\"\\"
|  |  |  ├> \\"._..\\"
|  |  |  |  ├> \\"..\\"
|  |  |  |  |  ├> \\"\\"
|  |  |  |  |  └> \\"._\\"
|  |  |  |  |     └> \\"\\"
|  |  |  |  └> \\"._\\"
|  |  |  |     └> \\"\\"
|  |  |  └> \\".\\"
|  |  |     ├> \\"\\"
|  |  |     └> \\"._\\"
|  |  |        └> \\"\\"
|  |  ├> \\"._...\\"
|  |  |  ├> \\"...\\"
|  |  |  |  ├> \\"..\\"
|  |  |  |  |  ├> \\"\\"
|  |  |  |  |  └> \\"._\\"
|  |  |  |  |     └> \\"\\"
|  |  |  |  ├> \\"._..\\"
|  |  |  |  |  ├> \\"..\\"
|  |  |  |  |  |  ├> \\"\\"
|  |  |  |  |  |  └> \\"._\\"
|  |  |  |  |  |     └> \\"\\"
|  |  |  |  |  └> \\"._\\"
|  |  |  |  |     └> \\"\\"
|  |  |  |  └> \\".\\"
|  |  |  |     ├> \\"\\"
|  |  |  |     └> \\"._\\"
|  |  |  |        └> \\"\\"
|  |  |  ├> \\"._\\"
|  |  |  |  └> \\"\\"
|  |  |  ├> \\"._..\\"
|  |  |  |  ├> \\"..\\"
|  |  |  |  |  ├> \\"\\"
|  |  |  |  |  └> \\"._\\"
|  |  |  |  |     └> \\"\\"
|  |  |  |  └> \\"._\\"
|  |  |  |     └> \\"\\"
|  |  |  └> \\"._.\\"
|  |  |     ├> \\".\\"
|  |  |     |  ├> \\"\\"
|  |  |     |  └> \\"._\\"
|  |  |     |     └> \\"\\"
|  |  |     └> \\"._\\"
|  |  |        └> \\"\\"
|  |  ├> \\"_\\"
|  |  |  ├> \\"\\"
|  |  |  └> \\"._\\"
|  |  |     └> \\"\\"
|  |  ├> \\"_..\\"
|  |  |  ├> \\"..\\"
|  |  |  |  ├> \\"\\"
|  |  |  |  └> \\"._\\"
|  |  |  |     └> \\"\\"
|  |  |  ├> \\"._..\\"
|  |  |  |  ├> \\"..\\"
|  |  |  |  |  ├> \\"\\"
|  |  |  |  |  └> \\"._\\"
|  |  |  |  |     └> \\"\\"
|  |  |  |  └> \\"._\\"
|  |  |  |     └> \\"\\"
|  |  |  └> \\"_\\"
|  |  |     ├> \\"\\"
|  |  |     └> \\"._\\"
|  |  |        └> \\"\\"
|  |  └> \\"_.\\"
|  |     ├> \\".\\"
|  |     |  ├> \\"\\"
|  |     |  └> \\"._\\"
|  |     |     └> \\"\\"
|  |     ├> \\"._.\\"
|  |     |  ├> \\".\\"
|  |     |  |  ├> \\"\\"
|  |     |  |  └> \\"._\\"
|  |     |  |     └> \\"\\"
|  |     |  └> \\"._\\"
|  |     |     └> \\"\\"
|  |     └> \\"_\\"
|  |        ├> \\"\\"
|  |        └> \\"._\\"
|  |           └> \\"\\"
|  ├> \\"__...\\"
|  |  ├> \\"_...\\"
|  |  |  ├> \\"...\\"
|  |  |  |  ├> \\"..\\"
|  |  |  |  |  ├> \\"\\"
|  |  |  |  |  └> \\"._\\"
|  |  |  |  |     └> \\"\\"
|  |  |  |  ├> \\"._..\\"
|  |  |  |  |  ├> \\"..\\"
|  |  |  |  |  |  ├> \\"\\"
|  |  |  |  |  |  └> \\"._\\"
|  |  |  |  |  |     └> …
|  |  |  |  |  └> …
|  |  |  |  └> …
|  |  |  └> …
|  |  └> …
|  └> …
└> …"
`;

exports[`stringOf (integration) should be able to shrink CccABbBbCcc 1`] = `
"\\"CccABbBbCcc\\"
├> \\"\\"
├> \\"BbBbCcc\\"
|  ├> \\"BbCcc\\"
|  |  ├> \\"Ccc\\"
|  |  |  ├> \\"\\"
|  |  |  └> \\"A\\"
|  |  |     └> \\"\\"
|  |  ├> \\"ACcc\\"
|  |  |  ├> \\"Ccc\\"
|  |  |  |  ├> \\"\\"
|  |  |  |  └> \\"A\\"
|  |  |  |     └> \\"\\"
|  |  |  └> \\"A\\"
|  |  |     └> \\"\\"
|  |  └> \\"Bb\\"
|  |     ├> \\"\\"
|  |     └> \\"A\\"
|  |        └> \\"\\"
|  ├> \\"ABbCcc\\"
|  |  ├> \\"BbCcc\\"
|  |  |  ├> \\"Ccc\\"
|  |  |  |  ├> \\"\\"
|  |  |  |  └> \\"A\\"
|  |  |  |     └> \\"\\"
|  |  |  ├> \\"ACcc\\"
|  |  |  |  ├> \\"Ccc\\"
|  |  |  |  |  ├> \\"\\"
|  |  |  |  |  └> \\"A\\"
|  |  |  |  |     └> \\"\\"
|  |  |  |  └> \\"A\\"
|  |  |  |     └> \\"\\"
|  |  |  └> \\"Bb\\"
|  |  |     ├> \\"\\"
|  |  |     └> \\"A\\"
|  |  |        └> \\"\\"
|  |  ├> \\"A\\"
|  |  |  └> \\"\\"
|  |  ├> \\"ACcc\\"
|  |  |  ├> \\"Ccc\\"
|  |  |  |  ├> \\"\\"
|  |  |  |  └> \\"A\\"
|  |  |  |     └> \\"\\"
|  |  |  └> \\"A\\"
|  |  |     └> \\"\\"
|  |  └> \\"ABb\\"
|  |     ├> \\"Bb\\"
|  |     |  ├> \\"\\"
|  |     |  └> \\"A\\"
|  |     |     └> \\"\\"
|  |     └> \\"A\\"
|  |        └> \\"\\"
|  ├> \\"Bb\\"
|  |  ├> \\"\\"
|  |  └> \\"A\\"
|  |     └> \\"\\"
|  ├> \\"BbCcc\\"
|  |  ├> \\"Ccc\\"
|  |  |  ├> \\"\\"
|  |  |  └> \\"A\\"
|  |  |     └> \\"\\"
|  |  ├> \\"ACcc\\"
|  |  |  ├> \\"Ccc\\"
|  |  |  |  ├> \\"\\"
|  |  |  |  └> \\"A\\"
|  |  |  |     └> \\"\\"
|  |  |  └> \\"A\\"
|  |  |     └> \\"\\"
|  |  └> \\"Bb\\"
|  |     ├> \\"\\"
|  |     └> \\"A\\"
|  |        └> \\"\\"
|  └> \\"BbBb\\"
|     ├> \\"Bb\\"
|     |  ├> \\"\\"
|     |  └> \\"A\\"
|     |     └> \\"\\"
|     ├> \\"ABb\\"
|     |  ├> \\"Bb\\"
|     |  |  ├> \\"\\"
|     |  |  └> \\"A\\"
|     |  |     └> \\"\\"
|     |  └> \\"A\\"
|     |     └> \\"\\"
|     └> \\"Bb\\"
|        ├> \\"\\"
|        └> \\"A\\"
|           └> \\"\\"
├> \\"ABbBbCcc\\"
|  ├> \\"BbBbCcc\\"
|  |  ├> \\"BbCcc\\"
|  |  |  ├> \\"Ccc\\"
|  |  |  |  ├> \\"\\"
|  |  |  |  └> \\"A\\"
|  |  |  |     └> \\"\\"
|  |  |  ├> \\"ACcc\\"
|  |  |  |  ├> \\"Ccc\\"
|  |  |  |  |  ├> \\"\\"
|  |  |  |  |  └> \\"A\\"
|  |  |  |  |     └> \\"\\"
|  |  |  |  └> …
|  |  |  └> …
|  |  └> …
|  └> …
└> …"
`;
