// Jest Snapshot v1, https://goo.gl/fbAQLP

exports[`string16bits (integration) should be able to shrink Hey 🐱! 1`] = `
"\\"Hey 🐱!\\"
├> \\"\\"
├> \\" 🐱!\\"
|  ├> \\"\\\\udc31!\\"
|  |  ├> \\"!\\"
|  |  |  ├> \\"\\"
|  |  |  └> \\" \\"
|  |  |     └> \\"\\"
|  |  ├> \\" !\\"
|  |  |  ├> \\"!\\"
|  |  |  |  ├> \\"\\"
|  |  |  |  └> \\" \\"
|  |  |  |     └> \\"\\"
|  |  |  ├> \\" \\"
|  |  |  |  └> \\"\\"
|  |  |  └> \\"  \\"
|  |  |     ├> \\" \\"
|  |  |     |  └> \\"\\"
|  |  |     └> \\" \\"
|  |  |        └> \\"\\"
|  |  ├> \\"渙!\\"
|  |  |  ├> \\"!\\"
|  |  |  |  ├> \\"\\"
|  |  |  |  └> \\" \\"
|  |  |  |     └> \\"\\"
|  |  |  ├> \\"㜍!\\"
|  |  |  |  ├> \\"!\\"
|  |  |  |  |  ├> \\"\\"
|  |  |  |  |  └> \\" \\"
|  |  |  |  |     └> \\"\\"
|  |  |  |  ├> \\"ᮇ!\\"
|  |  |  |  |  ├> \\"!\\"
|  |  |  |  |  |  ├> \\"\\"
|  |  |  |  |  |  └> \\" \\"
|  |  |  |  |  |     └> \\"\\"
|  |  |  |  |  ├> \\"හ!\\"
|  |  |  |  |  |  ├> \\"!\\"
|  |  |  |  |  |  |  ├> \\"\\"
|  |  |  |  |  |  |  └> \\" \\"
|  |  |  |  |  |  |     └> \\"\\"
|  |  |  |  |  |  ├> \\"ۢ!\\"
|  |  |  |  |  |  |  ├> \\"!\\"
|  |  |  |  |  |  |  |  ├> \\"\\"
|  |  |  |  |  |  |  |  └> \\" \\"
|  |  |  |  |  |  |  |     └> \\"\\"
|  |  |  |  |  |  |  ├> \\"ͱ!\\"
|  |  |  |  |  |  |  |  ├> \\"!\\"
|  |  |  |  |  |  |  |  |  ├> \\"\\"
|  |  |  |  |  |  |  |  |  └> \\" \\"
|  |  |  |  |  |  |  |  |     └> \\"\\"
|  |  |  |  |  |  |  |  ├> \\"ƹ!\\"
|  |  |  |  |  |  |  |  |  ├> \\"!\\"
|  |  |  |  |  |  |  |  |  |  ├> \\"\\"
|  |  |  |  |  |  |  |  |  |  └> \\" \\"
|  |  |  |  |  |  |  |  |  |     └> \\"\\"
|  |  |  |  |  |  |  |  |  ├> \\"Ý!\\"
|  |  |  |  |  |  |  |  |  |  ├> \\"!\\"
|  |  |  |  |  |  |  |  |  |  |  ├> \\"\\"
|  |  |  |  |  |  |  |  |  |  |  └> \\" \\"
|  |  |  |  |  |  |  |  |  |  |     └> \\"\\"
|  |  |  |  |  |  |  |  |  |  ├> \\"\\\\u0010!\\"
|  |  |  |  |  |  |  |  |  |  |  ├> \\"!\\"
|  |  |  |  |  |  |  |  |  |  |  |  ├> \\"\\"
|  |  |  |  |  |  |  |  |  |  |  |  └> \\" \\"
|  |  |  |  |  |  |  |  |  |  |  |     └> \\"\\"
|  |  |  |  |  |  |  |  |  |  |  ├> \\"X!\\"
|  |  |  |  |  |  |  |  |  |  |  |  ├> \\"!\\"
|  |  |  |  |  |  |  |  |  |  |  |  |  ├> \\"\\"
|  |  |  |  |  |  |  |  |  |  |  |  |  └> \\" \\"
|  |  |  |  |  |  |  |  |  |  |  |  |     └> \\"\\"
|  |  |  |  |  |  |  |  |  |  |  |  ├> \\"<!\\"
|  |  |  |  |  |  |  |  |  |  |  |  |  ├> \\"!\\"
|  |  |  |  |  |  |  |  |  |  |  |  |  |  ├> \\"\\"
|  |  |  |  |  |  |  |  |  |  |  |  |  |  └> \\" \\"
|  |  |  |  |  |  |  |  |  |  |  |  |  |     └> \\"\\"
|  |  |  |  |  |  |  |  |  |  |  |  |  ├> \\".!\\"
|  |  |  |  |  |  |  |  |  |  |  |  |  |  ├> \\"!\\"
|  |  |  |  |  |  |  |  |  |  |  |  |  |  |  ├> \\"\\"
|  |  |  |  |  |  |  |  |  |  |  |  |  |  |  └> \\" \\"
|  |  |  |  |  |  |  |  |  |  |  |  |  |  |     └> \\"\\"
|  |  |  |  |  |  |  |  |  |  |  |  |  |  ├> \\"'!\\"
|  |  |  |  |  |  |  |  |  |  |  |  |  |  |  ├> \\"!\\"
|  |  |  |  |  |  |  |  |  |  |  |  |  |  |  |  ├> \\"\\"
|  |  |  |  |  |  |  |  |  |  |  |  |  |  |  |  └> \\" \\"
|  |  |  |  |  |  |  |  |  |  |  |  |  |  |  |     └> \\"\\"
|  |  |  |  |  |  |  |  |  |  |  |  |  |  |  ├> \\"$!\\"
|  |  |  |  |  |  |  |  |  |  |  |  |  |  |  |  ├> \\"!\\"
|  |  |  |  |  |  |  |  |  |  |  |  |  |  |  |  |  ├> \\"\\"
|  |  |  |  |  |  |  |  |  |  |  |  |  |  |  |  |  └> \\" \\"
|  |  |  |  |  |  |  |  |  |  |  |  |  |  |  |  |     └> \\"\\"
|  |  |  |  |  |  |  |  |  |  |  |  |  |  |  |  ├> \\"\\\\\\"!\\"
|  |  |  |  |  |  |  |  |  |  |  |  |  |  |  |  |  ├> \\"!\\"
|  |  |  |  |  |  |  |  |  |  |  |  |  |  |  |  |  |  ├> \\"\\"
|  |  |  |  |  |  |  |  |  |  |  |  |  |  |  |  |  |  └> \\" \\"
|  |  |  |  |  |  |  |  |  |  |  |  |  |  |  |  |  |     └> \\"\\"
|  |  |  |  |  |  |  |  |  |  |  |  |  |  |  |  |  ├> \\"!!\\"
|  |  |  |  |  |  |  |  |  |  |  |  |  |  |  |  |  |  ├> \\"!\\"
|  |  |  |  |  |  |  |  |  |  |  |  |  |  |  |  |  |  |  ├> \\"\\"
|  |  |  |  |  |  |  |  |  |  |  |  |  |  |  |  |  |  |  └> \\" \\"
|  |  |  |  |  |  |  |  |  |  |  |  |  |  |  |  |  |  |     └> \\"\\"
|  |  |  |  |  |  |  |  |  |  |  |  |  |  |  |  |  |  ├> \\" !\\"
|  |  |  |  |  |  |  |  |  |  |  |  |  |  |  |  |  |  |  ├> \\"!\\"
|  |  |  |  |  |  |  |  |  |  |  |  |  |  |  |  |  |  |  |  ├> \\"\\"
|  |  |  |  |  |  |  |  |  |  |  |  |  |  |  |  |  |  |  |  └> \\" \\"
|  |  |  |  |  |  |  |  |  |  |  |  |  |  |  |  |  |  |  |     └> \\"\\"
|  |  |  |  |  |  |  |  |  |  |  |  |  |  |  |  |  |  |  ├> \\" \\"
|  |  |  |  |  |  |  |  |  |  |  |  |  |  |  |  |  |  |  |  └> \\"\\"
|  |  |  |  |  |  |  |  |  |  |  |  |  |  |  |  |  |  |  └> \\"  \\"
|  |  |  |  |  |  |  |  |  |  |  |  |  |  |  |  |  |  |     ├> \\" \\"
|  |  |  |  |  |  |  |  |  |  |  |  |  |  |  |  |  |  |     |  └> \\"\\"
|  |  |  |  |  |  |  |  |  |  |  |  |  |  |  |  |  |  |     └> \\" \\"
|  |  |  |  |  |  |  |  |  |  |  |  |  |  |  |  |  |  |        └> \\"\\"
|  |  |  |  |  |  |  |  |  |  |  |  |  |  |  |  |  |  ├> \\"!\\"
|  |  |  |  |  |  |  |  |  |  |  |  |  |  |  |  |  |  |  ├> \\"\\"
|  |  |  |  |  |  |  |  |  |  |  |  |  |  |  |  |  |  |  └> \\" \\"
|  |  |  |  |  |  |  |  |  |  |  |  |  |  |  |  |  |  |     └> \\"\\"
|  |  |  |  |  |  |  |  |  |  |  |  |  |  |  |  |  |  └> \\"! \\"
|  |  |  |  |  |  |  |  |  |  |  |  |  |  |  |  |  |     ├> \\" \\"
|  |  |  |  |  |  |  |  |  |  |  |  |  |  |  |  |  |     |  └> \\"\\"
|  |  |  |  |  |  |  |  |  |  |  |  |  |  |  |  |  |     ├> \\"  \\"
|  |  |  |  |  |  |  |  |  |  |  |  |  |  |  |  |  |     |  ├> \\" \\"
|  |  |  |  |  |  |  |  |  |  |  |  |  |  |  |  |  |     |  |  └> \\"\\"
|  |  |  |  |  |  |  |  |  |  |  |  |  |  |  |  |  |     |  └> \\" \\"
|  |  |  |  |  |  |  |  |  |  |  |  |  |  |  |  |  |     |     └> \\"\\"
|  |  |  |  |  |  |  |  |  |  |  |  |  |  |  |  |  |     └> \\"!\\"
|  |  |  |  |  |  |  |  |  |  |  |  |  |  |  |  |  |        ├> \\"\\"
|  |  |  |  |  |  |  |  |  |  |  |  |  |  |  |  |  |        └> \\" \\"
|  |  |  |  |  |  |  |  |  |  |  |  |  |  |  |  |  |           └> \\"\\"
|  |  |  |  |  |  |  |  |  |  |  |  |  |  |  |  |  ├> \\"\\\\\\"\\"
|  |  |  |  |  |  |  |  |  |  |  |  |  |  |  |  |  |  ├> \\"\\"
|  |  |  |  |  |  |  |  |  |  |  |  |  |  |  |  |  |  └> \\"!\\"
|  |  |  |  |  |  |  |  |  |  |  |  |  |  |  |  |  |     ├> \\"\\"
|  |  |  |  |  |  |  |  |  |  |  |  |  |  |  |  |  |     └> \\" \\"
|  |  |  |  |  |  |  |  |  |  |  |  |  |  |  |  |  |        └> \\"\\"
|  |  |  |  |  |  |  |  |  |  |  |  |  |  |  |  |  └> \\"\\\\\\" \\"
|  |  |  |  |  |  |  |  |  |  |  |  |  |  |  |  |     ├> \\" \\"
|  |  |  |  |  |  |  |  |  |  |  |  |  |  |  |  |     |  └> \\"\\"
|  |  |  |  |  |  |  |  |  |  |  |  |  |  |  |  |     ├> \\"! \\"
|  |  |  |  |  |  |  |  |  |  |  |  |  |  |  |  |     |  ├> \\" \\"
|  |  |  |  |  |  |  |  |  |  |  |  |  |  |  |  |     |  |  └> \\"\\"
|  |  |  |  |  |  |  |  |  |  |  |  |  |  |  |  |     |  ├> \\"  \\"
|  |  |  |  |  |  |  |  |  |  |  |  |  |  |  |  |     |  |  ├> \\" \\"
|  |  |  |  |  |  |  |  |  |  |  |  |  |  |  |  |     |  |  |  └> \\"\\"
|  |  |  |  |  |  |  |  |  |  |  |  |  |  |  |  |     |  |  └> \\" \\"
|  |  |  |  |  |  |  |  |  |  |  |  |  |  |  |  |     |  |     └> \\"\\"
|  |  |  |  |  |  |  |  |  |  |  |  |  |  |  |  |     |  └> \\"!\\"
|  |  |  |  |  |  |  |  |  |  |  |  |  |  |  |  |     |     ├> \\"\\"
|  |  |  |  |  |  |  |  |  |  |  |  |  |  |  |  |     |     └> \\" \\"
|  |  |  |  |  |  |  |  |  |  |  |  |  |  |  |  |     |        └> \\"\\"
|  |  |  |  |  |  |  |  |  |  |  |  |  |  |  |  |     └> \\"\\\\\\"\\"
|  |  |  |  |  |  |  |  |  |  |  |  |  |  |  |  |        ├> \\"\\"
|  |  |  |  |  |  |  |  |  |  |  |  |  |  |  |  |        └> \\"!\\"
|  |  |  |  |  |  |  |  |  |  |  |  |  |  |  |  |           ├> \\"\\"
|  |  |  |  |  |  |  |  |  |  |  |  |  |  |  |  |           └> \\" \\"
|  |  |  |  |  |  |  |  |  |  |  |  |  |  |  |  |              └> \\"\\"
|  |  |  |  |  |  |  |  |  |  |  |  |  |  |  |  ├> \\"#!\\"
|  |  |  |  |  |  |  |  |  |  |  |  |  |  |  |  |  ├> \\"!\\"
|  |  |  |  |  |  |  |  |  |  |  |  |  |  |  |  |  |  ├> \\"\\"
|  |  |  |  |  |  |  |  |  |  |  |  |  |  |  |  |  |  └> \\" \\"
|  |  |  |  |  |  |  |  |  |  |  |  |  |  |  |  |  |     └> \\"\\"
|  |  |  |  |  |  |  |  |  |  |  |  |  |  |  |  |  ├> \\"\\\\\\"!\\"
|  |  |  |  |  |  |  |  |  |  |  |  |  |  |  |  |  |  ├> \\"!\\"
|  |  |  |  |  |  |  |  |  |  |  |  |  |  |  |  |  |  |  ├> \\"\\"
|  |  |  |  |  |  |  |  |  |  |  |  |  |  |  |  |  |  |  └> \\" \\"
|  |  |  |  |  |  |  |  |  |  |  |  |  |  |  |  |  |  |     └> \\"\\"
|  |  |  |  |  |  |  |  |  |  |  |  |  |  |  |  |  |  ├> \\" !\\"
|  |  |  |  |  |  |  |  |  |  |  |  |  |  |  |  |  |  |  ├> \\"!\\"
|  |  |  |  |  |  |  |  |  |  |  |  |  |  |  |  |  |  |  |  ├> \\"\\"
|  |  |  |  |  |  |  |  |  |  |  |  |  |  |  |  |  |  |  |  └> \\" \\"
|  |  |  |  |  |  |  |  |  |  |  |  |  |  |  |  |  |  |  |     └> \\"\\"
|  |  |  |  |  |  |  |  |  |  |  |  |  |  |  |  |  |  |  ├> \\" \\"
|  |  |  |  |  |  |  |  |  |  |  |  |  |  |  |  |  |  |  |  └> \\"\\"
|  |  |  |  |  |  |  |  |  |  |  |  |  |  |  |  |  |  |  └> \\"  \\"
|  |  |  |  |  |  |  |  |  |  |  |  |  |  |  |  |  |  |     ├> \\" \\"
|  |  |  |  |  |  |  |  |  |  |  |  |  |  |  |  |  |  |     |  └> \\"\\"
|  |  |  |  |  |  |  |  |  |  |  |  |  |  |  |  |  |  |     └> \\" \\"
|  |  |  |  |  |  |  |  |  |  |  |  |  |  |  |  |  |  |        └> \\"\\"
|  |  |  |  |  |  |  |  |  |  |  |  |  |  |  |  |  |  ├> \\"!!\\"
|  |  |  |  |  |  |  |  |  |  |  |  |  |  |  |  |  |  |  ├> \\"!\\"
|  |  |  |  |  |  |  |  |  |  |  |  |  |  |  |  |  |  |  |  ├> \\"\\"
|  |  |  |  |  |  |  |  |  |  |  |  |  |  |  |  |  |  |  |  └> \\" \\"
|  |  |  |  |  |  |  |  |  |  |  |  |  |  |  |  |  |  |  |     └> \\"\\"
|  |  |  |  |  |  |  |  |  |  |  |  |  |  |  |  |  |  |  ├> \\" !\\"
|  |  |  |  |  |  |  |  |  |  |  |  |  |  |  |  |  |  |  |  ├> \\"!\\"
|  |  |  |  |  |  |  |  |  |  |  |  |  |  |  |  |  |  |  |  |  ├> \\"\\"
|  |  |  |  |  |  |  |  |  |  |  |  |  |  |  |  |  |  |  |  |  └> \\" \\"
|  |  |  |  |  |  |  |  |  |  |  |  |  |  |  |  |  |  |  |  |     └> \\"\\"
|  |  |  |  |  |  |  |  |  |  |  |  |  |  |  |  |  |  |  |  ├> \\" \\"
|  |  |  |  |  |  |  |  |  |  |  |  |  |  |  |  |  |  |  |  |  └> \\"\\"
|  |  |  |  |  |  |  |  |  |  |  |  |  |  |  |  |  |  |  |  └> \\"  \\"
|  |  |  |  |  |  |  |  |  |  |  |  |  |  |  |  |  |  |  |     ├> \\" \\"
|  |  |  |  |  |  |  |  |  |  |  |  |  |  |  |  |  |  |  |     |  └> \\"\\"
|  |  |  |  |  |  |  |  |  |  |  |  |  |  |  |  |  |  |  |     └> \\" \\"
|  |  |  |  |  |  |  |  |  |  |  |  |  |  |  |  |  |  |  |        └> \\"\\"
|  |  |  |  |  |  |  |  |  |  |  |  |  |  |  |  |  |  |  ├> \\"!\\"
|  |  |  |  |  |  |  |  |  |  |  |  |  |  |  |  |  |  |  |  ├> \\"\\"
|  |  |  |  |  |  |  |  |  |  |  |  |  |  |  |  |  |  |  |  └> \\" \\"
|  |  |  |  |  |  |  |  |  |  |  |  |  |  |  |  |  |  |  |     └> \\"\\"
|  |  |  |  |  |  |  |  |  |  |  |  |  |  |  |  |  |  |  └> \\"! \\"
|  |  |  |  |  |  |  |  |  |  |  |  |  |  |  |  |  |  |     ├> \\" \\"
|  |  |  |  |  |  |  |  |  |  |  |  |  |  |  |  |  |  |     |  └> \\"\\"
|  |  |  |  |  |  |  |  |  |  |  |  |  |  |  |  |  |  |     ├> \\"  \\"
|  |  |  |  |  |  |  |  |  |  |  |  |  |  |  |  |  |  |     |  ├> \\" \\"
|  |  |  |  |  |  |  |  |  |  |  |  |  |  |  |  |  |  |     |  |  └> \\"\\"
|  |  |  |  |  |  |  |  |  |  |  |  |  |  |  |  |  |  |     |  └> \\" \\"
|  |  |  |  |  |  |  |  |  |  |  |  |  |  |  |  |  |  |     |     └> \\"\\"
|  |  |  |  |  |  |  |  |  |  |  |  |  |  |  |  |  |  |     └> \\"!\\"
|  |  |  |  |  |  |  |  |  |  |  |  |  |  |  |  |  |  |        ├> \\"\\"
|  |  |  |  |  |  |  |  |  |  |  |  |  |  |  |  |  |  |        └> \\" \\"
|  |  |  |  |  |  |  |  |  |  |  |  |  |  |  |  |  |  |           └> \\"\\"
|  |  |  |  |  |  |  |  |  |  |  |  |  |  |  |  |  |  ├> \\"\\\\\\"\\"
|  |  |  |  |  |  |  |  |  |  |  |  |  |  |  |  |  |  |  ├> \\"\\"
|  |  |  |  |  |  |  |  |  |  |  |  |  |  |  |  |  |  |  ├> \\" \\"
|  |  |  |  |  |  |  |  |  |  |  |  |  |  |  |  |  |  |  |  └> \\"\\"
|  |  |  |  |  |  |  |  |  |  |  |  |  |  |  |  |  |  |  └> \\"!\\"
|  |  |  |  |  |  |  |  |  |  |  |  |  |  |  |  |  |  |     ├> \\"\\"
|  |  |  |  |  |  |  |  |  |  |  |  |  |  |  |  |  |  |     └> \\" \\"
|  |  |  |  |  |  |  |  |  |  |  |  |  |  |  |  |  |  |        └> \\"\\"
|  |  |  |  |  |  |  |  |  |  |  |  |  |  |  |  |  |  └> \\"\\\\\\" \\"
|  |  |  |  |  |  |  |  |  |  |  |  |  |  |  |  |  |     ├> \\" \\"
|  |  |  |  |  |  |  |  |  |  |  |  |  |  |  |  |  |     |  └> \\"\\"
|  |  |  |  |  |  |  |  |  |  |  |  |  |  |  |  |  |     ├> \\"  \\"
|  |  |  |  |  |  |  |  |  |  |  |  |  |  |  |  |  |     |  ├> \\" \\"
|  |  |  |  |  |  |  |  |  |  |  |  |  |  |  |  |  |     |  |  └> \\"\\"
|  |  |  |  |  |  |  |  |  |  |  |  |  |  |  |  |  |     |  └> \\" \\"
|  |  |  |  |  |  |  |  |  |  |  |  |  |  |  |  |  |     |     └> \\"\\"
|  |  |  |  |  |  |  |  |  |  |  |  |  |  |  |  |  |     ├> \\"! \\"
|  |  |  |  |  |  |  |  |  |  |  |  |  |  |  |  |  |     |  ├> \\" \\"
|  |  |  |  |  |  |  |  |  |  |  |  |  |  |  |  |  |     |  |  └> \\"\\"
|  |  |  |  |  |  |  |  |  |  |  |  |  |  |  |  |  |     |  ├> \\"  \\"
|  |  |  |  |  |  |  |  |  |  |  |  |  |  |  |  |  |     |  |  ├> \\" \\"
|  |  |  |  |  |  |  |  |  |  |  |  |  |  |  |  |  |     |  |  |  └> \\"\\"
|  |  |  |  |  |  |  |  |  |  |  |  |  |  |  |  |  |     |  |  └> \\" \\"
|  |  |  |  |  |  |  |  |  |  |  |  |  |  |  |  |  |     |  |     └> \\"\\"
|  |  |  |  |  |  |  |  |  |  |  |  |  |  |  |  |  |     |  └> \\"!\\"
|  |  |  |  |  |  |  |  |  |  |  |  |  |  |  |  |  |     |     ├> \\"\\"
|  |  |  |  |  |  |  |  |  |  |  |  |  |  |  |  |  |     |     └> \\" \\"
|  |  |  |  |  |  |  |  |  |  |  |  |  |  |  |  |  |     |        └> \\"\\"
|  |  |  |  |  |  |  |  |  |  |  |  |  |  |  |  |  |     └> \\"\\\\\\"\\"
|  |  |  |  |  |  |  |  |  |  |  |  |  |  |  |  |  |        ├> \\"\\"
|  |  |  |  |  |  |  |  |  |  |  |  |  |  |  |  |  |        ├> \\" \\"
|  |  |  |  |  |  |  |  |  |  |  |  |  |  |  |  |  |        |  └> \\"\\"
|  |  |  |  |  |  |  |  |  |  |  |  |  |  |  |  |  |        └> \\"!\\"
|  |  |  |  |  |  |  |  |  |  |  |  |  |  |  |  |  |           ├> \\"\\"
|  |  |  |  |  |  |  |  |  |  |  |  |  |  |  |  |  |           └> \\" \\"
|  |  |  |  |  |  |  |  |  |  |  |  |  |  |  |  |  |              └> \\"\\"
|  |  |  |  |  |  |  |  |  |  |  |  |  |  |  |  |  ├> \\"#\\"
|  |  |  |  |  |  |  |  |  |  |  |  |  |  |  |  |  |  ├> \\"\\"
|  |  |  |  |  |  |  |  |  |  |  |  |  |  |  |  |  |  └> \\"\\\\\\"\\"
|  |  |  |  |  |  |  |  |  |  |  |  |  |  |  |  |  |     ├> \\"\\"
|  |  |  |  |  |  |  |  |  |  |  |  |  |  |  |  |  |     └> …
|  |  |  |  |  |  |  |  |  |  |  |  |  |  |  |  |  └> …
|  |  |  |  |  |  |  |  |  |  |  |  |  |  |  |  └> …
|  |  |  |  |  |  |  |  |  |  |  |  |  |  |  └> …
|  |  |  |  |  |  |  |  |  |  |  |  |  |  └> …
|  |  |  |  |  |  |  |  |  |  |  |  |  └> …
|  |  |  |  |  |  |  |  |  |  |  |  └> …
|  |  |  |  |  |  |  |  |  |  |  └> …
|  |  |  |  |  |  |  |  |  |  └> …
|  |  |  |  |  |  |  |  |  └> …
|  |  |  |  |  |  |  |  └> …
|  |  |  |  |  |  |  └> …
|  |  |  |  |  |  └> …
|  |  |  |  |  └> …
|  |  |  |  └> …
|  |  |  └> …
|  |  └> …
|  └> …
└> …"
`;
