// Jest Snapshot v1, https://goo.gl/fbAQLP

exports[`webUrl (integration) should be able to shrink http://my.domain.org/a/z 1`] = `
"\\"http://my.domain.org/a/z\\"
├> \\"http://domain.org/a/z\\"
|  ├> \\"http://aomain.org/a/z\\"
|  |  ├> \\"http://a.org/a/z\\"
|  |  |  ├> \\"http://a.rg/a/z\\"
|  |  |  |  ├> \\"http://a.ag/a/z\\"
|  |  |  |  |  ├> \\"http://a.ag\\"
|  |  |  |  |  ├> \\"http://a.ag/z\\"
|  |  |  |  |  |  ├> \\"http://a.ag\\"
|  |  |  |  |  |  ├> \\"http://a.ag/\\"
|  |  |  |  |  |  |  └> \\"http://a.ag\\"
|  |  |  |  |  |  ├> \\"http://a.ag/a\\"
|  |  |  |  |  |  |  ├> \\"http://a.ag\\"
|  |  |  |  |  |  |  └> \\"http://a.ag/\\"
|  |  |  |  |  |  |     └> \\"http://a.ag\\"
|  |  |  |  |  |  ├> \\"http://a.ag/n\\"
|  |  |  |  |  |  |  ├> \\"http://a.ag\\"
|  |  |  |  |  |  |  ├> \\"http://a.ag/\\"
|  |  |  |  |  |  |  |  └> \\"http://a.ag\\"
|  |  |  |  |  |  |  ├> \\"http://a.ag/h\\"
|  |  |  |  |  |  |  |  ├> \\"http://a.ag\\"
|  |  |  |  |  |  |  |  ├> \\"http://a.ag/\\"
|  |  |  |  |  |  |  |  |  └> \\"http://a.ag\\"
|  |  |  |  |  |  |  |  ├> \\"http://a.ag/e\\"
|  |  |  |  |  |  |  |  |  ├> \\"http://a.ag\\"
|  |  |  |  |  |  |  |  |  ├> \\"http://a.ag/\\"
|  |  |  |  |  |  |  |  |  |  └> \\"http://a.ag\\"
|  |  |  |  |  |  |  |  |  ├> \\"http://a.ag/c\\"
|  |  |  |  |  |  |  |  |  |  ├> \\"http://a.ag\\"
|  |  |  |  |  |  |  |  |  |  ├> \\"http://a.ag/\\"
|  |  |  |  |  |  |  |  |  |  |  └> \\"http://a.ag\\"
|  |  |  |  |  |  |  |  |  |  └> \\"http://a.ag/b\\"
|  |  |  |  |  |  |  |  |  |     ├> \\"http://a.ag\\"
|  |  |  |  |  |  |  |  |  |     ├> \\"http://a.ag/\\"
|  |  |  |  |  |  |  |  |  |     |  └> \\"http://a.ag\\"
|  |  |  |  |  |  |  |  |  |     └> \\"http://a.ag/a\\"
|  |  |  |  |  |  |  |  |  |        ├> \\"http://a.ag\\"
|  |  |  |  |  |  |  |  |  |        └> \\"http://a.ag/\\"
|  |  |  |  |  |  |  |  |  |           └> \\"http://a.ag\\"
|  |  |  |  |  |  |  |  |  └> \\"http://a.ag/d\\"
|  |  |  |  |  |  |  |  |     ├> \\"http://a.ag\\"
|  |  |  |  |  |  |  |  |     ├> \\"http://a.ag/\\"
|  |  |  |  |  |  |  |  |     |  └> \\"http://a.ag\\"
|  |  |  |  |  |  |  |  |     └> \\"http://a.ag/c\\"
|  |  |  |  |  |  |  |  |        ├> \\"http://a.ag\\"
|  |  |  |  |  |  |  |  |        ├> \\"http://a.ag/\\"
|  |  |  |  |  |  |  |  |        |  └> \\"http://a.ag\\"
|  |  |  |  |  |  |  |  |        ├> \\"http://a.ag/a\\"
|  |  |  |  |  |  |  |  |        |  ├> \\"http://a.ag\\"
|  |  |  |  |  |  |  |  |        |  └> \\"http://a.ag/\\"
|  |  |  |  |  |  |  |  |        |     └> \\"http://a.ag\\"
|  |  |  |  |  |  |  |  |        └> \\"http://a.ag/b\\"
|  |  |  |  |  |  |  |  |           ├> \\"http://a.ag\\"
|  |  |  |  |  |  |  |  |           ├> \\"http://a.ag/\\"
|  |  |  |  |  |  |  |  |           |  └> \\"http://a.ag\\"
|  |  |  |  |  |  |  |  |           └> \\"http://a.ag/a\\"
|  |  |  |  |  |  |  |  |              ├> \\"http://a.ag\\"
|  |  |  |  |  |  |  |  |              └> \\"http://a.ag/\\"
|  |  |  |  |  |  |  |  |                 └> \\"http://a.ag\\"
|  |  |  |  |  |  |  |  └> \\"http://a.ag/g\\"
|  |  |  |  |  |  |  |     ├> \\"http://a.ag\\"
|  |  |  |  |  |  |  |     ├> \\"http://a.ag/\\"
|  |  |  |  |  |  |  |     |  └> \\"http://a.ag\\"
|  |  |  |  |  |  |  |     └> \\"http://a.ag/f\\"
|  |  |  |  |  |  |  |        ├> \\"http://a.ag\\"
|  |  |  |  |  |  |  |        ├> \\"http://a.ag/\\"
|  |  |  |  |  |  |  |        |  └> \\"http://a.ag\\"
|  |  |  |  |  |  |  |        └> \\"http://a.ag/e\\"
|  |  |  |  |  |  |  |           ├> \\"http://a.ag\\"
|  |  |  |  |  |  |  |           ├> \\"http://a.ag/\\"
|  |  |  |  |  |  |  |           |  └> \\"http://a.ag\\"
|  |  |  |  |  |  |  |           ├> \\"http://a.ag/a\\"
|  |  |  |  |  |  |  |           |  ├> \\"http://a.ag\\"
|  |  |  |  |  |  |  |           |  └> \\"http://a.ag/\\"
|  |  |  |  |  |  |  |           |     └> \\"http://a.ag\\"
|  |  |  |  |  |  |  |           ├> \\"http://a.ag/c\\"
|  |  |  |  |  |  |  |           |  ├> \\"http://a.ag\\"
|  |  |  |  |  |  |  |           |  ├> \\"http://a.ag/\\"
|  |  |  |  |  |  |  |           |  |  └> \\"http://a.ag\\"
|  |  |  |  |  |  |  |           |  └> \\"http://a.ag/b\\"
|  |  |  |  |  |  |  |           |     ├> \\"http://a.ag\\"
|  |  |  |  |  |  |  |           |     ├> \\"http://a.ag/\\"
|  |  |  |  |  |  |  |           |     |  └> \\"http://a.ag\\"
|  |  |  |  |  |  |  |           |     └> \\"http://a.ag/a\\"
|  |  |  |  |  |  |  |           |        ├> \\"http://a.ag\\"
|  |  |  |  |  |  |  |           |        └> \\"http://a.ag/\\"
|  |  |  |  |  |  |  |           |           └> \\"http://a.ag\\"
|  |  |  |  |  |  |  |           └> \\"http://a.ag/d\\"
|  |  |  |  |  |  |  |              ├> \\"http://a.ag\\"
|  |  |  |  |  |  |  |              ├> \\"http://a.ag/\\"
|  |  |  |  |  |  |  |              |  └> \\"http://a.ag\\"
|  |  |  |  |  |  |  |              └> \\"http://a.ag/c\\"
|  |  |  |  |  |  |  |                 ├> \\"http://a.ag\\"
|  |  |  |  |  |  |  |                 ├> \\"http://a.ag/\\"
|  |  |  |  |  |  |  |                 |  └> \\"http://a.ag\\"
|  |  |  |  |  |  |  |                 ├> \\"http://a.ag/a\\"
|  |  |  |  |  |  |  |                 |  ├> \\"http://a.ag\\"
|  |  |  |  |  |  |  |                 |  └> \\"http://a.ag/\\"
|  |  |  |  |  |  |  |                 |     └> \\"http://a.ag\\"
|  |  |  |  |  |  |  |                 └> \\"http://a.ag/b\\"
|  |  |  |  |  |  |  |                    └> …
|  |  |  |  |  |  |  └> …
|  |  |  |  |  |  └> …
|  |  |  |  |  └> …
|  |  |  |  └> …
|  |  |  └> …
|  |  └> …
|  └> …
└> …"
`;

exports[`webUrl (integration) should be able to shrink http://my.domain.org/a/z?query#fragments 1`] = `
"\\"http://my.domain.org/a/z?query#fragments\\"
├> \\"http://domain.org/a/z?query#fragments\\"
|  ├> \\"http://aomain.org/a/z?query#fragments\\"
|  |  ├> \\"http://a.org/a/z?query#fragments\\"
|  |  |  ├> \\"http://a.rg/a/z?query#fragments\\"
|  |  |  |  ├> \\"http://a.ag/a/z?query#fragments\\"
|  |  |  |  |  ├> \\"http://a.ag?query#fragments\\"
|  |  |  |  |  |  ├> \\"http://a.ag#fragments\\"
|  |  |  |  |  |  |  ├> \\"http://a.ag\\"
|  |  |  |  |  |  |  ├> \\"http://a.ag#\\"
|  |  |  |  |  |  |  ├> \\"http://a.ag#ments\\"
|  |  |  |  |  |  |  |  ├> \\"http://a.ag#nts\\"
|  |  |  |  |  |  |  |  |  ├> \\"http://a.ag#ts\\"
|  |  |  |  |  |  |  |  |  |  ├> \\"http://a.ag#s\\"
|  |  |  |  |  |  |  |  |  |  |  ├> \\"http://a.ag#\\"
|  |  |  |  |  |  |  |  |  |  |  ├> \\"http://a.ag#a\\"
|  |  |  |  |  |  |  |  |  |  |  |  └> \\"http://a.ag#\\"
|  |  |  |  |  |  |  |  |  |  |  ├> \\"http://a.ag#j\\"
|  |  |  |  |  |  |  |  |  |  |  |  ├> \\"http://a.ag#\\"
|  |  |  |  |  |  |  |  |  |  |  |  ├> \\"http://a.ag#f\\"
|  |  |  |  |  |  |  |  |  |  |  |  |  ├> \\"http://a.ag#\\"
|  |  |  |  |  |  |  |  |  |  |  |  |  ├> \\"http://a.ag#d\\"
|  |  |  |  |  |  |  |  |  |  |  |  |  |  ├> \\"http://a.ag#\\"
|  |  |  |  |  |  |  |  |  |  |  |  |  |  └> \\"http://a.ag#c\\"
|  |  |  |  |  |  |  |  |  |  |  |  |  |     ├> \\"http://a.ag#\\"
|  |  |  |  |  |  |  |  |  |  |  |  |  |     └> \\"http://a.ag#b\\"
|  |  |  |  |  |  |  |  |  |  |  |  |  |        ├> \\"http://a.ag#\\"
|  |  |  |  |  |  |  |  |  |  |  |  |  |        └> \\"http://a.ag#a\\"
|  |  |  |  |  |  |  |  |  |  |  |  |  |           └> \\"http://a.ag#\\"
|  |  |  |  |  |  |  |  |  |  |  |  |  └> \\"http://a.ag#e\\"
|  |  |  |  |  |  |  |  |  |  |  |  |     ├> \\"http://a.ag#\\"
|  |  |  |  |  |  |  |  |  |  |  |  |     └> \\"http://a.ag#d\\"
|  |  |  |  |  |  |  |  |  |  |  |  |        ├> \\"http://a.ag#\\"
|  |  |  |  |  |  |  |  |  |  |  |  |        ├> \\"http://a.ag#a\\"
|  |  |  |  |  |  |  |  |  |  |  |  |        |  └> \\"http://a.ag#\\"
|  |  |  |  |  |  |  |  |  |  |  |  |        └> \\"http://a.ag#c\\"
|  |  |  |  |  |  |  |  |  |  |  |  |           ├> \\"http://a.ag#\\"
|  |  |  |  |  |  |  |  |  |  |  |  |           └> \\"http://a.ag#b\\"
|  |  |  |  |  |  |  |  |  |  |  |  |              ├> \\"http://a.ag#\\"
|  |  |  |  |  |  |  |  |  |  |  |  |              └> \\"http://a.ag#a\\"
|  |  |  |  |  |  |  |  |  |  |  |  |                 └> \\"http://a.ag#\\"
|  |  |  |  |  |  |  |  |  |  |  |  ├> \\"http://a.ag#h\\"
|  |  |  |  |  |  |  |  |  |  |  |  |  ├> \\"http://a.ag#\\"
|  |  |  |  |  |  |  |  |  |  |  |  |  └> \\"http://a.ag#g\\"
|  |  |  |  |  |  |  |  |  |  |  |  |     ├> \\"http://a.ag#\\"
|  |  |  |  |  |  |  |  |  |  |  |  |     └> \\"http://a.ag#f\\"
|  |  |  |  |  |  |  |  |  |  |  |  |        ├> \\"http://a.ag#\\"
|  |  |  |  |  |  |  |  |  |  |  |  |        ├> \\"http://a.ag#a\\"
|  |  |  |  |  |  |  |  |  |  |  |  |        |  └> \\"http://a.ag#\\"
|  |  |  |  |  |  |  |  |  |  |  |  |        ├> \\"http://a.ag#d\\"
|  |  |  |  |  |  |  |  |  |  |  |  |        |  ├> \\"http://a.ag#\\"
|  |  |  |  |  |  |  |  |  |  |  |  |        |  └> \\"http://a.ag#c\\"
|  |  |  |  |  |  |  |  |  |  |  |  |        |     ├> \\"http://a.ag#\\"
|  |  |  |  |  |  |  |  |  |  |  |  |        |     └> \\"http://a.ag#b\\"
|  |  |  |  |  |  |  |  |  |  |  |  |        |        ├> \\"http://a.ag#\\"
|  |  |  |  |  |  |  |  |  |  |  |  |        |        └> \\"http://a.ag#a\\"
|  |  |  |  |  |  |  |  |  |  |  |  |        |           └> \\"http://a.ag#\\"
|  |  |  |  |  |  |  |  |  |  |  |  |        └> \\"http://a.ag#e\\"
|  |  |  |  |  |  |  |  |  |  |  |  |           ├> \\"http://a.ag#\\"
|  |  |  |  |  |  |  |  |  |  |  |  |           └> \\"http://a.ag#d\\"
|  |  |  |  |  |  |  |  |  |  |  |  |              ├> \\"http://a.ag#\\"
|  |  |  |  |  |  |  |  |  |  |  |  |              ├> \\"http://a.ag#a\\"
|  |  |  |  |  |  |  |  |  |  |  |  |              |  └> \\"http://a.ag#\\"
|  |  |  |  |  |  |  |  |  |  |  |  |              └> \\"http://a.ag#c\\"
|  |  |  |  |  |  |  |  |  |  |  |  |                 ├> \\"http://a.ag#\\"
|  |  |  |  |  |  |  |  |  |  |  |  |                 └> \\"http://a.ag#b\\"
|  |  |  |  |  |  |  |  |  |  |  |  |                    ├> \\"http://a.ag#\\"
|  |  |  |  |  |  |  |  |  |  |  |  |                    └> \\"http://a.ag#a\\"
|  |  |  |  |  |  |  |  |  |  |  |  |                       └> \\"http://a.ag#\\"
|  |  |  |  |  |  |  |  |  |  |  |  └> \\"http://a.ag#i\\"
|  |  |  |  |  |  |  |  |  |  |  |     ├> \\"http://a.ag#\\"
|  |  |  |  |  |  |  |  |  |  |  |     └> \\"http://a.ag#h\\"
|  |  |  |  |  |  |  |  |  |  |  |        ├> \\"http://a.ag#\\"
|  |  |  |  |  |  |  |  |  |  |  |        ├> \\"http://a.ag#a\\"
|  |  |  |  |  |  |  |  |  |  |  |        |  └> \\"http://a.ag#\\"
|  |  |  |  |  |  |  |  |  |  |  |        ├> \\"http://a.ag#e\\"
|  |  |  |  |  |  |  |  |  |  |  |        |  ├> \\"http://a.ag#\\"
|  |  |  |  |  |  |  |  |  |  |  |        |  ├> \\"http://a.ag#c\\"
|  |  |  |  |  |  |  |  |  |  |  |        |  |  ├> \\"http://a.ag#\\"
|  |  |  |  |  |  |  |  |  |  |  |        |  |  └> \\"http://a.ag#b\\"
|  |  |  |  |  |  |  |  |  |  |  |        |  |     ├> \\"http://a.ag#\\"
|  |  |  |  |  |  |  |  |  |  |  |        |  |     └> \\"http://a.ag#a\\"
|  |  |  |  |  |  |  |  |  |  |  |        |  |        └> \\"http://a.ag#\\"
|  |  |  |  |  |  |  |  |  |  |  |        |  └> \\"http://a.ag#d\\"
|  |  |  |  |  |  |  |  |  |  |  |        |     ├> \\"http://a.ag#\\"
|  |  |  |  |  |  |  |  |  |  |  |        |     └> \\"http://a.ag#c\\"
|  |  |  |  |  |  |  |  |  |  |  |        |        ├> \\"http://a.ag#\\"
|  |  |  |  |  |  |  |  |  |  |  |        |        ├> \\"http://a.ag#a\\"
|  |  |  |  |  |  |  |  |  |  |  |        |        |  └> \\"http://a.ag#\\"
|  |  |  |  |  |  |  |  |  |  |  |        |        └> \\"http://a.ag#b\\"
|  |  |  |  |  |  |  |  |  |  |  |        |           ├> \\"http://a.ag#\\"
|  |  |  |  |  |  |  |  |  |  |  |        |           └> \\"http://a.ag#a\\"
|  |  |  |  |  |  |  |  |  |  |  |        |              └> \\"http://a.ag#\\"
|  |  |  |  |  |  |  |  |  |  |  |        └> \\"http://a.ag#g\\"
|  |  |  |  |  |  |  |  |  |  |  |           ├> \\"http://a.ag#\\"
|  |  |  |  |  |  |  |  |  |  |  |           └> \\"http://a.ag#f\\"
|  |  |  |  |  |  |  |  |  |  |  |              ├> \\"http://a.ag#\\"
|  |  |  |  |  |  |  |  |  |  |  |              └> \\"http://a.ag#e\\"
|  |  |  |  |  |  |  |  |  |  |  |                 ├> \\"http://a.ag#\\"
|  |  |  |  |  |  |  |  |  |  |  |                 ├> \\"http://a.ag#a\\"
|  |  |  |  |  |  |  |  |  |  |  |                 |  └> …
|  |  |  |  |  |  |  |  |  |  |  |                 └> …
|  |  |  |  |  |  |  |  |  |  |  └> …
|  |  |  |  |  |  |  |  |  |  └> …
|  |  |  |  |  |  |  |  |  └> …
|  |  |  |  |  |  |  |  └> …
|  |  |  |  |  |  |  └> …
|  |  |  |  |  |  └> …
|  |  |  |  |  └> …
|  |  |  |  └> …
|  |  |  └> …
|  |  └> …
|  └> …
└> …"
`;

exports[`webUrl (integration) should be able to shrink http://user:pass@my.domain.org/a/z 1`] = `
"\\"http://user:pass@my.domain.org/a/z\\"
├> \\"http://my.domain.org/a/z\\"
|  ├> \\"http://domain.org/a/z\\"
|  |  ├> \\"http://aomain.org/a/z\\"
|  |  |  ├> \\"http://a.org/a/z\\"
|  |  |  |  ├> \\"http://a.rg/a/z\\"
|  |  |  |  |  ├> \\"http://a.ag/a/z\\"
|  |  |  |  |  |  ├> \\"http://a.ag\\"
|  |  |  |  |  |  ├> \\"http://a.ag/z\\"
|  |  |  |  |  |  |  ├> \\"http://a.ag\\"
|  |  |  |  |  |  |  ├> \\"http://a.ag/\\"
|  |  |  |  |  |  |  |  └> \\"http://a.ag\\"
|  |  |  |  |  |  |  ├> \\"http://a.ag/a\\"
|  |  |  |  |  |  |  |  ├> \\"http://a.ag\\"
|  |  |  |  |  |  |  |  └> \\"http://a.ag/\\"
|  |  |  |  |  |  |  |     └> \\"http://a.ag\\"
|  |  |  |  |  |  |  ├> \\"http://a.ag/n\\"
|  |  |  |  |  |  |  |  ├> \\"http://a.ag\\"
|  |  |  |  |  |  |  |  ├> \\"http://a.ag/\\"
|  |  |  |  |  |  |  |  |  └> \\"http://a.ag\\"
|  |  |  |  |  |  |  |  ├> \\"http://a.ag/h\\"
|  |  |  |  |  |  |  |  |  ├> \\"http://a.ag\\"
|  |  |  |  |  |  |  |  |  ├> \\"http://a.ag/\\"
|  |  |  |  |  |  |  |  |  |  └> \\"http://a.ag\\"
|  |  |  |  |  |  |  |  |  ├> \\"http://a.ag/e\\"
|  |  |  |  |  |  |  |  |  |  ├> \\"http://a.ag\\"
|  |  |  |  |  |  |  |  |  |  ├> \\"http://a.ag/\\"
|  |  |  |  |  |  |  |  |  |  |  └> \\"http://a.ag\\"
|  |  |  |  |  |  |  |  |  |  ├> \\"http://a.ag/c\\"
|  |  |  |  |  |  |  |  |  |  |  ├> \\"http://a.ag\\"
|  |  |  |  |  |  |  |  |  |  |  ├> \\"http://a.ag/\\"
|  |  |  |  |  |  |  |  |  |  |  |  └> \\"http://a.ag\\"
|  |  |  |  |  |  |  |  |  |  |  └> \\"http://a.ag/b\\"
|  |  |  |  |  |  |  |  |  |  |     ├> \\"http://a.ag\\"
|  |  |  |  |  |  |  |  |  |  |     ├> \\"http://a.ag/\\"
|  |  |  |  |  |  |  |  |  |  |     |  └> \\"http://a.ag\\"
|  |  |  |  |  |  |  |  |  |  |     └> \\"http://a.ag/a\\"
|  |  |  |  |  |  |  |  |  |  |        ├> \\"http://a.ag\\"
|  |  |  |  |  |  |  |  |  |  |        └> \\"http://a.ag/\\"
|  |  |  |  |  |  |  |  |  |  |           └> \\"http://a.ag\\"
|  |  |  |  |  |  |  |  |  |  └> \\"http://a.ag/d\\"
|  |  |  |  |  |  |  |  |  |     ├> \\"http://a.ag\\"
|  |  |  |  |  |  |  |  |  |     ├> \\"http://a.ag/\\"
|  |  |  |  |  |  |  |  |  |     |  └> \\"http://a.ag\\"
|  |  |  |  |  |  |  |  |  |     └> \\"http://a.ag/c\\"
|  |  |  |  |  |  |  |  |  |        ├> \\"http://a.ag\\"
|  |  |  |  |  |  |  |  |  |        ├> \\"http://a.ag/\\"
|  |  |  |  |  |  |  |  |  |        |  └> \\"http://a.ag\\"
|  |  |  |  |  |  |  |  |  |        ├> \\"http://a.ag/a\\"
|  |  |  |  |  |  |  |  |  |        |  ├> \\"http://a.ag\\"
|  |  |  |  |  |  |  |  |  |        |  └> \\"http://a.ag/\\"
|  |  |  |  |  |  |  |  |  |        |     └> \\"http://a.ag\\"
|  |  |  |  |  |  |  |  |  |        └> \\"http://a.ag/b\\"
|  |  |  |  |  |  |  |  |  |           ├> \\"http://a.ag\\"
|  |  |  |  |  |  |  |  |  |           ├> \\"http://a.ag/\\"
|  |  |  |  |  |  |  |  |  |           |  └> \\"http://a.ag\\"
|  |  |  |  |  |  |  |  |  |           └> \\"http://a.ag/a\\"
|  |  |  |  |  |  |  |  |  |              ├> \\"http://a.ag\\"
|  |  |  |  |  |  |  |  |  |              └> \\"http://a.ag/\\"
|  |  |  |  |  |  |  |  |  |                 └> \\"http://a.ag\\"
|  |  |  |  |  |  |  |  |  └> \\"http://a.ag/g\\"
|  |  |  |  |  |  |  |  |     ├> \\"http://a.ag\\"
|  |  |  |  |  |  |  |  |     ├> \\"http://a.ag/\\"
|  |  |  |  |  |  |  |  |     |  └> \\"http://a.ag\\"
|  |  |  |  |  |  |  |  |     └> \\"http://a.ag/f\\"
|  |  |  |  |  |  |  |  |        ├> \\"http://a.ag\\"
|  |  |  |  |  |  |  |  |        ├> \\"http://a.ag/\\"
|  |  |  |  |  |  |  |  |        |  └> \\"http://a.ag\\"
|  |  |  |  |  |  |  |  |        └> \\"http://a.ag/e\\"
|  |  |  |  |  |  |  |  |           ├> \\"http://a.ag\\"
|  |  |  |  |  |  |  |  |           ├> \\"http://a.ag/\\"
|  |  |  |  |  |  |  |  |           |  └> \\"http://a.ag\\"
|  |  |  |  |  |  |  |  |           ├> \\"http://a.ag/a\\"
|  |  |  |  |  |  |  |  |           |  ├> \\"http://a.ag\\"
|  |  |  |  |  |  |  |  |           |  └> \\"http://a.ag/\\"
|  |  |  |  |  |  |  |  |           |     └> \\"http://a.ag\\"
|  |  |  |  |  |  |  |  |           ├> \\"http://a.ag/c\\"
|  |  |  |  |  |  |  |  |           |  ├> \\"http://a.ag\\"
|  |  |  |  |  |  |  |  |           |  ├> \\"http://a.ag/\\"
|  |  |  |  |  |  |  |  |           |  |  └> \\"http://a.ag\\"
|  |  |  |  |  |  |  |  |           |  └> \\"http://a.ag/b\\"
|  |  |  |  |  |  |  |  |           |     ├> \\"http://a.ag\\"
|  |  |  |  |  |  |  |  |           |     ├> \\"http://a.ag/\\"
|  |  |  |  |  |  |  |  |           |     |  └> \\"http://a.ag\\"
|  |  |  |  |  |  |  |  |           |     └> \\"http://a.ag/a\\"
|  |  |  |  |  |  |  |  |           |        ├> \\"http://a.ag\\"
|  |  |  |  |  |  |  |  |           |        └> \\"http://a.ag/\\"
|  |  |  |  |  |  |  |  |           |           └> \\"http://a.ag\\"
|  |  |  |  |  |  |  |  |           └> \\"http://a.ag/d\\"
|  |  |  |  |  |  |  |  |              ├> \\"http://a.ag\\"
|  |  |  |  |  |  |  |  |              ├> \\"http://a.ag/\\"
|  |  |  |  |  |  |  |  |              |  └> \\"http://a.ag\\"
|  |  |  |  |  |  |  |  |              └> \\"http://a.ag/c\\"
|  |  |  |  |  |  |  |  |                 ├> \\"http://a.ag\\"
|  |  |  |  |  |  |  |  |                 ├> \\"http://a.ag/\\"
|  |  |  |  |  |  |  |  |                 |  └> \\"http://a.ag\\"
|  |  |  |  |  |  |  |  |                 ├> \\"http://a.ag/a\\"
|  |  |  |  |  |  |  |  |                 |  ├> \\"http://a.ag\\"
|  |  |  |  |  |  |  |  |                 |  └> \\"http://a.ag/\\"
|  |  |  |  |  |  |  |  |                 |     └> \\"http://a.ag\\"
|  |  |  |  |  |  |  |  |                 └> …
|  |  |  |  |  |  |  |  └> …
|  |  |  |  |  |  |  └> …
|  |  |  |  |  |  └> …
|  |  |  |  |  └> …
|  |  |  |  └> …
|  |  |  └> …
|  |  └> …
|  └> …
└> …"
`;
