// Jest Snapshot v1, https://goo.gl/fbAQLP

exports[`webUrl (integration) should be able to shrink http://my.domain.org/a/z 1`] = `
"\\"http://my.domain.org/a/z\\"
├> \\"http://domain.org/a/z\\"
|  ├> \\"http://aomain.org/a/z\\"
|  |  ├> \\"http://a.org/a/z\\"
|  |  |  ├> \\"http://a.arg/a/z\\"
|  |  |  |  ├> \\"http://a.a/a/z\\"
|  |  |  |  |  ├> \\"http://a.a\\"
|  |  |  |  |  ├> \\"http://a.a/z\\"
|  |  |  |  |  |  ├> \\"http://a.a\\"
|  |  |  |  |  |  ├> \\"http://a.a/\\"
|  |  |  |  |  |  |  └> \\"http://a.a\\"
|  |  |  |  |  |  ├> \\"http://a.a/a\\"
|  |  |  |  |  |  |  ├> \\"http://a.a\\"
|  |  |  |  |  |  |  └> \\"http://a.a/\\"
|  |  |  |  |  |  |     └> \\"http://a.a\\"
|  |  |  |  |  |  ├> \\"http://a.a/n\\"
|  |  |  |  |  |  |  ├> \\"http://a.a\\"
|  |  |  |  |  |  |  ├> \\"http://a.a/\\"
|  |  |  |  |  |  |  |  └> \\"http://a.a\\"
|  |  |  |  |  |  |  ├> \\"http://a.a/h\\"
|  |  |  |  |  |  |  |  ├> \\"http://a.a\\"
|  |  |  |  |  |  |  |  ├> \\"http://a.a/\\"
|  |  |  |  |  |  |  |  |  └> \\"http://a.a\\"
|  |  |  |  |  |  |  |  ├> \\"http://a.a/e\\"
|  |  |  |  |  |  |  |  |  ├> \\"http://a.a\\"
|  |  |  |  |  |  |  |  |  ├> \\"http://a.a/\\"
|  |  |  |  |  |  |  |  |  |  └> \\"http://a.a\\"
|  |  |  |  |  |  |  |  |  ├> \\"http://a.a/c\\"
|  |  |  |  |  |  |  |  |  |  ├> \\"http://a.a\\"
|  |  |  |  |  |  |  |  |  |  ├> \\"http://a.a/\\"
|  |  |  |  |  |  |  |  |  |  |  └> \\"http://a.a\\"
|  |  |  |  |  |  |  |  |  |  └> \\"http://a.a/b\\"
|  |  |  |  |  |  |  |  |  |     ├> \\"http://a.a\\"
|  |  |  |  |  |  |  |  |  |     ├> \\"http://a.a/\\"
|  |  |  |  |  |  |  |  |  |     |  └> \\"http://a.a\\"
|  |  |  |  |  |  |  |  |  |     └> \\"http://a.a/a\\"
|  |  |  |  |  |  |  |  |  |        ├> \\"http://a.a\\"
|  |  |  |  |  |  |  |  |  |        └> \\"http://a.a/\\"
|  |  |  |  |  |  |  |  |  |           └> \\"http://a.a\\"
|  |  |  |  |  |  |  |  |  └> \\"http://a.a/d\\"
|  |  |  |  |  |  |  |  |     ├> \\"http://a.a\\"
|  |  |  |  |  |  |  |  |     ├> \\"http://a.a/\\"
|  |  |  |  |  |  |  |  |     |  └> \\"http://a.a\\"
|  |  |  |  |  |  |  |  |     └> \\"http://a.a/c\\"
|  |  |  |  |  |  |  |  |        ├> \\"http://a.a\\"
|  |  |  |  |  |  |  |  |        ├> \\"http://a.a/\\"
|  |  |  |  |  |  |  |  |        |  └> \\"http://a.a\\"
|  |  |  |  |  |  |  |  |        ├> \\"http://a.a/a\\"
|  |  |  |  |  |  |  |  |        |  ├> \\"http://a.a\\"
|  |  |  |  |  |  |  |  |        |  └> \\"http://a.a/\\"
|  |  |  |  |  |  |  |  |        |     └> \\"http://a.a\\"
|  |  |  |  |  |  |  |  |        └> \\"http://a.a/b\\"
|  |  |  |  |  |  |  |  |           ├> \\"http://a.a\\"
|  |  |  |  |  |  |  |  |           ├> \\"http://a.a/\\"
|  |  |  |  |  |  |  |  |           |  └> \\"http://a.a\\"
|  |  |  |  |  |  |  |  |           └> \\"http://a.a/a\\"
|  |  |  |  |  |  |  |  |              ├> \\"http://a.a\\"
|  |  |  |  |  |  |  |  |              └> \\"http://a.a/\\"
|  |  |  |  |  |  |  |  |                 └> \\"http://a.a\\"
|  |  |  |  |  |  |  |  └> \\"http://a.a/g\\"
|  |  |  |  |  |  |  |     ├> \\"http://a.a\\"
|  |  |  |  |  |  |  |     ├> \\"http://a.a/\\"
|  |  |  |  |  |  |  |     |  └> \\"http://a.a\\"
|  |  |  |  |  |  |  |     └> \\"http://a.a/f\\"
|  |  |  |  |  |  |  |        ├> \\"http://a.a\\"
|  |  |  |  |  |  |  |        ├> \\"http://a.a/\\"
|  |  |  |  |  |  |  |        |  └> \\"http://a.a\\"
|  |  |  |  |  |  |  |        └> \\"http://a.a/e\\"
|  |  |  |  |  |  |  |           ├> \\"http://a.a\\"
|  |  |  |  |  |  |  |           ├> \\"http://a.a/\\"
|  |  |  |  |  |  |  |           |  └> \\"http://a.a\\"
|  |  |  |  |  |  |  |           ├> \\"http://a.a/a\\"
|  |  |  |  |  |  |  |           |  ├> \\"http://a.a\\"
|  |  |  |  |  |  |  |           |  └> \\"http://a.a/\\"
|  |  |  |  |  |  |  |           |     └> \\"http://a.a\\"
|  |  |  |  |  |  |  |           ├> \\"http://a.a/c\\"
|  |  |  |  |  |  |  |           |  ├> \\"http://a.a\\"
|  |  |  |  |  |  |  |           |  ├> \\"http://a.a/\\"
|  |  |  |  |  |  |  |           |  |  └> \\"http://a.a\\"
|  |  |  |  |  |  |  |           |  └> \\"http://a.a/b\\"
|  |  |  |  |  |  |  |           |     ├> \\"http://a.a\\"
|  |  |  |  |  |  |  |           |     ├> \\"http://a.a/\\"
|  |  |  |  |  |  |  |           |     |  └> \\"http://a.a\\"
|  |  |  |  |  |  |  |           |     └> \\"http://a.a/a\\"
|  |  |  |  |  |  |  |           |        ├> \\"http://a.a\\"
|  |  |  |  |  |  |  |           |        └> \\"http://a.a/\\"
|  |  |  |  |  |  |  |           |           └> \\"http://a.a\\"
|  |  |  |  |  |  |  |           └> \\"http://a.a/d\\"
|  |  |  |  |  |  |  |              ├> \\"http://a.a\\"
|  |  |  |  |  |  |  |              ├> \\"http://a.a/\\"
|  |  |  |  |  |  |  |              |  └> \\"http://a.a\\"
|  |  |  |  |  |  |  |              └> \\"http://a.a/c\\"
|  |  |  |  |  |  |  |                 ├> \\"http://a.a\\"
|  |  |  |  |  |  |  |                 ├> \\"http://a.a/\\"
|  |  |  |  |  |  |  |                 |  └> \\"http://a.a\\"
|  |  |  |  |  |  |  |                 ├> \\"http://a.a/a\\"
|  |  |  |  |  |  |  |                 |  ├> \\"http://a.a\\"
|  |  |  |  |  |  |  |                 |  └> \\"http://a.a/\\"
|  |  |  |  |  |  |  |                 |     └> \\"http://a.a\\"
|  |  |  |  |  |  |  |                 └> \\"http://a.a/b\\"
|  |  |  |  |  |  |  |                    └> …
|  |  |  |  |  |  |  └> …
|  |  |  |  |  |  └> …
|  |  |  |  |  └> …
|  |  |  |  └> …
|  |  |  └> …
|  |  └> …
|  └> …
└> …"
`;

exports[`webUrl (integration) should be able to shrink http://my.domain.org/a/z?query#fragments 1`] = `
"\\"http://my.domain.org/a/z?query#fragments\\"
├> \\"http://domain.org/a/z?query#fragments\\"
|  ├> \\"http://aomain.org/a/z?query#fragments\\"
|  |  ├> \\"http://a.org/a/z?query#fragments\\"
|  |  |  ├> \\"http://a.arg/a/z?query#fragments\\"
|  |  |  |  ├> \\"http://a.a/a/z?query#fragments\\"
|  |  |  |  |  ├> \\"http://a.a?query#fragments\\"
|  |  |  |  |  |  ├> \\"http://a.a#fragments\\"
|  |  |  |  |  |  |  ├> \\"http://a.a\\"
|  |  |  |  |  |  |  ├> \\"http://a.a#\\"
|  |  |  |  |  |  |  ├> \\"http://a.a#ments\\"
|  |  |  |  |  |  |  |  ├> \\"http://a.a#nts\\"
|  |  |  |  |  |  |  |  |  ├> \\"http://a.a#ts\\"
|  |  |  |  |  |  |  |  |  |  ├> \\"http://a.a#s\\"
|  |  |  |  |  |  |  |  |  |  |  ├> \\"http://a.a#\\"
|  |  |  |  |  |  |  |  |  |  |  ├> \\"http://a.a#a\\"
|  |  |  |  |  |  |  |  |  |  |  |  └> \\"http://a.a#\\"
|  |  |  |  |  |  |  |  |  |  |  ├> \\"http://a.a#j\\"
|  |  |  |  |  |  |  |  |  |  |  |  ├> \\"http://a.a#\\"
|  |  |  |  |  |  |  |  |  |  |  |  ├> \\"http://a.a#f\\"
|  |  |  |  |  |  |  |  |  |  |  |  |  ├> \\"http://a.a#\\"
|  |  |  |  |  |  |  |  |  |  |  |  |  ├> \\"http://a.a#d\\"
|  |  |  |  |  |  |  |  |  |  |  |  |  |  ├> \\"http://a.a#\\"
|  |  |  |  |  |  |  |  |  |  |  |  |  |  └> \\"http://a.a#c\\"
|  |  |  |  |  |  |  |  |  |  |  |  |  |     ├> \\"http://a.a#\\"
|  |  |  |  |  |  |  |  |  |  |  |  |  |     └> \\"http://a.a#b\\"
|  |  |  |  |  |  |  |  |  |  |  |  |  |        ├> \\"http://a.a#\\"
|  |  |  |  |  |  |  |  |  |  |  |  |  |        └> \\"http://a.a#a\\"
|  |  |  |  |  |  |  |  |  |  |  |  |  |           └> \\"http://a.a#\\"
|  |  |  |  |  |  |  |  |  |  |  |  |  └> \\"http://a.a#e\\"
|  |  |  |  |  |  |  |  |  |  |  |  |     ├> \\"http://a.a#\\"
|  |  |  |  |  |  |  |  |  |  |  |  |     └> \\"http://a.a#d\\"
|  |  |  |  |  |  |  |  |  |  |  |  |        ├> \\"http://a.a#\\"
|  |  |  |  |  |  |  |  |  |  |  |  |        ├> \\"http://a.a#a\\"
|  |  |  |  |  |  |  |  |  |  |  |  |        |  └> \\"http://a.a#\\"
|  |  |  |  |  |  |  |  |  |  |  |  |        └> \\"http://a.a#c\\"
|  |  |  |  |  |  |  |  |  |  |  |  |           ├> \\"http://a.a#\\"
|  |  |  |  |  |  |  |  |  |  |  |  |           └> \\"http://a.a#b\\"
|  |  |  |  |  |  |  |  |  |  |  |  |              ├> \\"http://a.a#\\"
|  |  |  |  |  |  |  |  |  |  |  |  |              └> \\"http://a.a#a\\"
|  |  |  |  |  |  |  |  |  |  |  |  |                 └> \\"http://a.a#\\"
|  |  |  |  |  |  |  |  |  |  |  |  ├> \\"http://a.a#h\\"
|  |  |  |  |  |  |  |  |  |  |  |  |  ├> \\"http://a.a#\\"
|  |  |  |  |  |  |  |  |  |  |  |  |  └> \\"http://a.a#g\\"
|  |  |  |  |  |  |  |  |  |  |  |  |     ├> \\"http://a.a#\\"
|  |  |  |  |  |  |  |  |  |  |  |  |     └> \\"http://a.a#f\\"
|  |  |  |  |  |  |  |  |  |  |  |  |        ├> \\"http://a.a#\\"
|  |  |  |  |  |  |  |  |  |  |  |  |        ├> \\"http://a.a#a\\"
|  |  |  |  |  |  |  |  |  |  |  |  |        |  └> \\"http://a.a#\\"
|  |  |  |  |  |  |  |  |  |  |  |  |        ├> \\"http://a.a#d\\"
|  |  |  |  |  |  |  |  |  |  |  |  |        |  ├> \\"http://a.a#\\"
|  |  |  |  |  |  |  |  |  |  |  |  |        |  └> \\"http://a.a#c\\"
|  |  |  |  |  |  |  |  |  |  |  |  |        |     ├> \\"http://a.a#\\"
|  |  |  |  |  |  |  |  |  |  |  |  |        |     └> \\"http://a.a#b\\"
|  |  |  |  |  |  |  |  |  |  |  |  |        |        ├> \\"http://a.a#\\"
|  |  |  |  |  |  |  |  |  |  |  |  |        |        └> \\"http://a.a#a\\"
|  |  |  |  |  |  |  |  |  |  |  |  |        |           └> \\"http://a.a#\\"
|  |  |  |  |  |  |  |  |  |  |  |  |        └> \\"http://a.a#e\\"
|  |  |  |  |  |  |  |  |  |  |  |  |           ├> \\"http://a.a#\\"
|  |  |  |  |  |  |  |  |  |  |  |  |           └> \\"http://a.a#d\\"
|  |  |  |  |  |  |  |  |  |  |  |  |              ├> \\"http://a.a#\\"
|  |  |  |  |  |  |  |  |  |  |  |  |              ├> \\"http://a.a#a\\"
|  |  |  |  |  |  |  |  |  |  |  |  |              |  └> \\"http://a.a#\\"
|  |  |  |  |  |  |  |  |  |  |  |  |              └> \\"http://a.a#c\\"
|  |  |  |  |  |  |  |  |  |  |  |  |                 ├> \\"http://a.a#\\"
|  |  |  |  |  |  |  |  |  |  |  |  |                 └> \\"http://a.a#b\\"
|  |  |  |  |  |  |  |  |  |  |  |  |                    ├> \\"http://a.a#\\"
|  |  |  |  |  |  |  |  |  |  |  |  |                    └> \\"http://a.a#a\\"
|  |  |  |  |  |  |  |  |  |  |  |  |                       └> \\"http://a.a#\\"
|  |  |  |  |  |  |  |  |  |  |  |  └> \\"http://a.a#i\\"
|  |  |  |  |  |  |  |  |  |  |  |     ├> \\"http://a.a#\\"
|  |  |  |  |  |  |  |  |  |  |  |     └> \\"http://a.a#h\\"
|  |  |  |  |  |  |  |  |  |  |  |        ├> \\"http://a.a#\\"
|  |  |  |  |  |  |  |  |  |  |  |        ├> \\"http://a.a#a\\"
|  |  |  |  |  |  |  |  |  |  |  |        |  └> \\"http://a.a#\\"
|  |  |  |  |  |  |  |  |  |  |  |        ├> \\"http://a.a#e\\"
|  |  |  |  |  |  |  |  |  |  |  |        |  ├> \\"http://a.a#\\"
|  |  |  |  |  |  |  |  |  |  |  |        |  ├> \\"http://a.a#c\\"
|  |  |  |  |  |  |  |  |  |  |  |        |  |  ├> \\"http://a.a#\\"
|  |  |  |  |  |  |  |  |  |  |  |        |  |  └> \\"http://a.a#b\\"
|  |  |  |  |  |  |  |  |  |  |  |        |  |     ├> \\"http://a.a#\\"
|  |  |  |  |  |  |  |  |  |  |  |        |  |     └> \\"http://a.a#a\\"
|  |  |  |  |  |  |  |  |  |  |  |        |  |        └> \\"http://a.a#\\"
|  |  |  |  |  |  |  |  |  |  |  |        |  └> \\"http://a.a#d\\"
|  |  |  |  |  |  |  |  |  |  |  |        |     ├> \\"http://a.a#\\"
|  |  |  |  |  |  |  |  |  |  |  |        |     └> \\"http://a.a#c\\"
|  |  |  |  |  |  |  |  |  |  |  |        |        ├> \\"http://a.a#\\"
|  |  |  |  |  |  |  |  |  |  |  |        |        ├> \\"http://a.a#a\\"
|  |  |  |  |  |  |  |  |  |  |  |        |        |  └> \\"http://a.a#\\"
|  |  |  |  |  |  |  |  |  |  |  |        |        └> \\"http://a.a#b\\"
|  |  |  |  |  |  |  |  |  |  |  |        |           ├> \\"http://a.a#\\"
|  |  |  |  |  |  |  |  |  |  |  |        |           └> \\"http://a.a#a\\"
|  |  |  |  |  |  |  |  |  |  |  |        |              └> \\"http://a.a#\\"
|  |  |  |  |  |  |  |  |  |  |  |        └> \\"http://a.a#g\\"
|  |  |  |  |  |  |  |  |  |  |  |           ├> \\"http://a.a#\\"
|  |  |  |  |  |  |  |  |  |  |  |           └> \\"http://a.a#f\\"
|  |  |  |  |  |  |  |  |  |  |  |              ├> \\"http://a.a#\\"
|  |  |  |  |  |  |  |  |  |  |  |              └> \\"http://a.a#e\\"
|  |  |  |  |  |  |  |  |  |  |  |                 ├> \\"http://a.a#\\"
|  |  |  |  |  |  |  |  |  |  |  |                 ├> \\"http://a.a#a\\"
|  |  |  |  |  |  |  |  |  |  |  |                 |  └> …
|  |  |  |  |  |  |  |  |  |  |  |                 └> …
|  |  |  |  |  |  |  |  |  |  |  └> …
|  |  |  |  |  |  |  |  |  |  └> …
|  |  |  |  |  |  |  |  |  └> …
|  |  |  |  |  |  |  |  └> …
|  |  |  |  |  |  |  └> …
|  |  |  |  |  |  └> …
|  |  |  |  |  └> …
|  |  |  |  └> …
|  |  |  └> …
|  |  └> …
|  └> …
└> …"
`;

exports[`webUrl (integration) should be able to shrink http://user:pass@my.domain.org/a/z 1`] = `
"\\"http://user:pass@my.domain.org/a/z\\"
├> \\"http://my.domain.org/a/z\\"
|  ├> \\"http://domain.org/a/z\\"
|  |  ├> \\"http://aomain.org/a/z\\"
|  |  |  ├> \\"http://a.org/a/z\\"
|  |  |  |  ├> \\"http://a.arg/a/z\\"
|  |  |  |  |  ├> \\"http://a.a/a/z\\"
|  |  |  |  |  |  ├> \\"http://a.a\\"
|  |  |  |  |  |  ├> \\"http://a.a/z\\"
|  |  |  |  |  |  |  ├> \\"http://a.a\\"
|  |  |  |  |  |  |  ├> \\"http://a.a/\\"
|  |  |  |  |  |  |  |  └> \\"http://a.a\\"
|  |  |  |  |  |  |  ├> \\"http://a.a/a\\"
|  |  |  |  |  |  |  |  ├> \\"http://a.a\\"
|  |  |  |  |  |  |  |  └> \\"http://a.a/\\"
|  |  |  |  |  |  |  |     └> \\"http://a.a\\"
|  |  |  |  |  |  |  ├> \\"http://a.a/n\\"
|  |  |  |  |  |  |  |  ├> \\"http://a.a\\"
|  |  |  |  |  |  |  |  ├> \\"http://a.a/\\"
|  |  |  |  |  |  |  |  |  └> \\"http://a.a\\"
|  |  |  |  |  |  |  |  ├> \\"http://a.a/h\\"
|  |  |  |  |  |  |  |  |  ├> \\"http://a.a\\"
|  |  |  |  |  |  |  |  |  ├> \\"http://a.a/\\"
|  |  |  |  |  |  |  |  |  |  └> \\"http://a.a\\"
|  |  |  |  |  |  |  |  |  ├> \\"http://a.a/e\\"
|  |  |  |  |  |  |  |  |  |  ├> \\"http://a.a\\"
|  |  |  |  |  |  |  |  |  |  ├> \\"http://a.a/\\"
|  |  |  |  |  |  |  |  |  |  |  └> \\"http://a.a\\"
|  |  |  |  |  |  |  |  |  |  ├> \\"http://a.a/c\\"
|  |  |  |  |  |  |  |  |  |  |  ├> \\"http://a.a\\"
|  |  |  |  |  |  |  |  |  |  |  ├> \\"http://a.a/\\"
|  |  |  |  |  |  |  |  |  |  |  |  └> \\"http://a.a\\"
|  |  |  |  |  |  |  |  |  |  |  └> \\"http://a.a/b\\"
|  |  |  |  |  |  |  |  |  |  |     ├> \\"http://a.a\\"
|  |  |  |  |  |  |  |  |  |  |     ├> \\"http://a.a/\\"
|  |  |  |  |  |  |  |  |  |  |     |  └> \\"http://a.a\\"
|  |  |  |  |  |  |  |  |  |  |     └> \\"http://a.a/a\\"
|  |  |  |  |  |  |  |  |  |  |        ├> \\"http://a.a\\"
|  |  |  |  |  |  |  |  |  |  |        └> \\"http://a.a/\\"
|  |  |  |  |  |  |  |  |  |  |           └> \\"http://a.a\\"
|  |  |  |  |  |  |  |  |  |  └> \\"http://a.a/d\\"
|  |  |  |  |  |  |  |  |  |     ├> \\"http://a.a\\"
|  |  |  |  |  |  |  |  |  |     ├> \\"http://a.a/\\"
|  |  |  |  |  |  |  |  |  |     |  └> \\"http://a.a\\"
|  |  |  |  |  |  |  |  |  |     └> \\"http://a.a/c\\"
|  |  |  |  |  |  |  |  |  |        ├> \\"http://a.a\\"
|  |  |  |  |  |  |  |  |  |        ├> \\"http://a.a/\\"
|  |  |  |  |  |  |  |  |  |        |  └> \\"http://a.a\\"
|  |  |  |  |  |  |  |  |  |        ├> \\"http://a.a/a\\"
|  |  |  |  |  |  |  |  |  |        |  ├> \\"http://a.a\\"
|  |  |  |  |  |  |  |  |  |        |  └> \\"http://a.a/\\"
|  |  |  |  |  |  |  |  |  |        |     └> \\"http://a.a\\"
|  |  |  |  |  |  |  |  |  |        └> \\"http://a.a/b\\"
|  |  |  |  |  |  |  |  |  |           ├> \\"http://a.a\\"
|  |  |  |  |  |  |  |  |  |           ├> \\"http://a.a/\\"
|  |  |  |  |  |  |  |  |  |           |  └> \\"http://a.a\\"
|  |  |  |  |  |  |  |  |  |           └> \\"http://a.a/a\\"
|  |  |  |  |  |  |  |  |  |              ├> \\"http://a.a\\"
|  |  |  |  |  |  |  |  |  |              └> \\"http://a.a/\\"
|  |  |  |  |  |  |  |  |  |                 └> \\"http://a.a\\"
|  |  |  |  |  |  |  |  |  └> \\"http://a.a/g\\"
|  |  |  |  |  |  |  |  |     ├> \\"http://a.a\\"
|  |  |  |  |  |  |  |  |     ├> \\"http://a.a/\\"
|  |  |  |  |  |  |  |  |     |  └> \\"http://a.a\\"
|  |  |  |  |  |  |  |  |     └> \\"http://a.a/f\\"
|  |  |  |  |  |  |  |  |        ├> \\"http://a.a\\"
|  |  |  |  |  |  |  |  |        ├> \\"http://a.a/\\"
|  |  |  |  |  |  |  |  |        |  └> \\"http://a.a\\"
|  |  |  |  |  |  |  |  |        └> \\"http://a.a/e\\"
|  |  |  |  |  |  |  |  |           ├> \\"http://a.a\\"
|  |  |  |  |  |  |  |  |           ├> \\"http://a.a/\\"
|  |  |  |  |  |  |  |  |           |  └> \\"http://a.a\\"
|  |  |  |  |  |  |  |  |           ├> \\"http://a.a/a\\"
|  |  |  |  |  |  |  |  |           |  ├> \\"http://a.a\\"
|  |  |  |  |  |  |  |  |           |  └> \\"http://a.a/\\"
|  |  |  |  |  |  |  |  |           |     └> \\"http://a.a\\"
|  |  |  |  |  |  |  |  |           ├> \\"http://a.a/c\\"
|  |  |  |  |  |  |  |  |           |  ├> \\"http://a.a\\"
|  |  |  |  |  |  |  |  |           |  ├> \\"http://a.a/\\"
|  |  |  |  |  |  |  |  |           |  |  └> \\"http://a.a\\"
|  |  |  |  |  |  |  |  |           |  └> \\"http://a.a/b\\"
|  |  |  |  |  |  |  |  |           |     ├> \\"http://a.a\\"
|  |  |  |  |  |  |  |  |           |     ├> \\"http://a.a/\\"
|  |  |  |  |  |  |  |  |           |     |  └> \\"http://a.a\\"
|  |  |  |  |  |  |  |  |           |     └> \\"http://a.a/a\\"
|  |  |  |  |  |  |  |  |           |        ├> \\"http://a.a\\"
|  |  |  |  |  |  |  |  |           |        └> \\"http://a.a/\\"
|  |  |  |  |  |  |  |  |           |           └> \\"http://a.a\\"
|  |  |  |  |  |  |  |  |           └> \\"http://a.a/d\\"
|  |  |  |  |  |  |  |  |              ├> \\"http://a.a\\"
|  |  |  |  |  |  |  |  |              ├> \\"http://a.a/\\"
|  |  |  |  |  |  |  |  |              |  └> \\"http://a.a\\"
|  |  |  |  |  |  |  |  |              └> \\"http://a.a/c\\"
|  |  |  |  |  |  |  |  |                 ├> \\"http://a.a\\"
|  |  |  |  |  |  |  |  |                 ├> \\"http://a.a/\\"
|  |  |  |  |  |  |  |  |                 |  └> \\"http://a.a\\"
|  |  |  |  |  |  |  |  |                 ├> \\"http://a.a/a\\"
|  |  |  |  |  |  |  |  |                 |  ├> \\"http://a.a\\"
|  |  |  |  |  |  |  |  |                 |  └> \\"http://a.a/\\"
|  |  |  |  |  |  |  |  |                 |     └> \\"http://a.a\\"
|  |  |  |  |  |  |  |  |                 └> …
|  |  |  |  |  |  |  |  └> …
|  |  |  |  |  |  |  └> …
|  |  |  |  |  |  └> …
|  |  |  |  |  └> …
|  |  |  |  └> …
|  |  |  └> …
|  |  └> …
|  └> …
└> …"
`;
