// Jest Snapshot v1, https://goo.gl/fbAQLP

exports[`LetRecArbitrary LazyArbitrary Should fail to bias when no underlying arbitrary 1`] = `"Lazy arbitrary \\"id008\\" not correctly initialized"`;

exports[`LetRecArbitrary LazyArbitrary Should fail to generate when no underlying arbitrary 1`] = `"Lazy arbitrary \\"id007\\" not correctly initialized"`;

exports[`LetRecArbitrary letrec Should throw on generate if tie receives an invalid parameter 1`] = `"Lazy arbitrary \\"missing\\" not correctly initialized"`;

exports[`LetRecArbitrary letrec Should throw on generate if tie receives an invalid parameter after creation 1`] = `"Lazy arbitrary \\"missing\\" not correctly initialized"`;
